 WARN Encountered 2 warnings while parsing the manifest:
  ⚠ The feature 'state' is defined but not used in any environment.
  │ Dependencies of unused features are not resolved or checked, and use
  │ wildcard (*) version specifiers by default, disregarding any set `pinning-
  │ strategy`
     ╭─[/ictstr01/groups/ml01/workspace/goncalo.pinto/embpy/pixi.toml:386:10]
 385 │ # ---------------------------------------------------------------------------
 386 │ [feature.state]
     ·          ─────
 387 │ platforms = ["linux-64"]
     ╰────
  help: Remove the feature from the manifest or add it to an environment

  ⚠ The feature 'stack' is defined but not used in any environment.
  │ Dependencies of unused features are not resolved or checked, and use
  │ wildcard (*) version specifiers by default, disregarding any set `pinning-
  │ strategy`
     ╭─[/ictstr01/groups/ml01/workspace/goncalo.pinto/embpy/pixi.toml:402:10]
 401 │ 
 402 │ [feature.stack]
     ·          ─────
 403 │ platforms = ["linux-64"]
     ╰────
  help: Remove the feature from the manifest or add it to an environment

[2026-05-18 19:45:37,310] INFO __main__: Found 2057 unique non-control perturbation labels in data/datasets/replogle/replogle_2022_k562_essential.h5ad (filtered out 10691 control cells).
[2026-05-18 19:45:37,336] INFO world_model.data.embeddings.bio_embedder: BioEmbedderProvider cache hit 0/2057 unique gene symbols (model=esmc_600m)
[2026-05-18 19:46:00,582] INFO root: CUDA device found, using GPU.
[2026-05-18 19:46:00,582] INFO root: GeneResolver initialized for human (Release 109).
[2026-05-18 19:46:00,606] INFO root: Checking if Ensembl data needs downloading/indexing...
[2026-05-18 19:46:01,114] INFO pyensembl.sequence_data: Loaded sequence dictionary from /home/icb/goncalo.pinto/.cache/pyensembl/GRCh38/ensembl109/Homo_sapiens.GRCh38.cdna.all.fa.gz.pickle
[2026-05-18 19:46:01,238] INFO pyensembl.sequence_data: Loaded sequence dictionary from /home/icb/goncalo.pinto/.cache/pyensembl/GRCh38/ensembl109/Homo_sapiens.GRCh38.ncrna.fa.gz.pickle
[2026-05-18 19:46:01,350] INFO pyensembl.sequence_data: Loaded sequence dictionary from /home/icb/goncalo.pinto/.cache/pyensembl/GRCh38/ensembl109/Homo_sapiens.GRCh38.pep.all.fa.gz.pickle
[2026-05-18 19:46:01,353] INFO root: pyensembl data is ready.
[2026-05-18 19:46:01,353] INFO root: BioEmbedder initialized: device=cuda, organism=human, backend=api
[2026-05-18 19:46:01,353] INFO root: Loading registered model 'esmc_600m' onto device 'cuda'...
[2026-05-18 19:46:01,353] INFO root: Loading ESMC client 'esmc_600m' onto cuda …
Fetching 4 files:   0%|          | 0/4 [00:00<?, ?it/s]Fetching 4 files: 100%|██████████| 4/4 [00:00<00:00, 8050.49it/s]
/ictstr01/groups/ml01/workspace/goncalo.pinto/embpy/.pixi/envs/gpu/lib/python3.12/site-packages/esm/pretrained.py:86: FutureWarning: You are using `torch.load` with `weights_only=False` (the current default value), which uses the default pickle module implicitly. It is possible to construct malicious pickle data which will execute arbitrary code during unpickling (See https://github.com/pytorch/pytorch/blob/main/SECURITY.md#untrusted-models for more details). In a future release, the default value for `weights_only` will be flipped to `True`. This limits the functions that could be executed during unpickling. Arbitrary objects will no longer be allowed to be loaded via this mode unless they are explicitly allowlisted by the user via `torch.serialization.add_safe_globals`. We recommend you start setting `weights_only=True` for any use case where you don't have full control of the loaded file. Please open an issue on GitHub for any issues related to this experimental feature.
  state_dict = torch.load(
[2026-05-18 19:46:03,868] INFO root: ESMC client loaded successfully.
[2026-05-18 19:46:03,868] INFO root: Model 'esmc_600m' loaded successfully.
[2026-05-18 19:46:03,868] INFO root: Batch: 2057 items for 'esmc_600m' (protein)...
[2026-05-18 19:46:42,591] WARNING embpy.resources.protein.resolver: Could not resolve UniProt ID for symbol 'ALG1L'
[2026-05-18 19:46:42,592] WARNING root: No data for ALG1L; skipping.
[2026-05-18 20:05:10,835] WARNING embpy.resources.protein.resolver: Could not resolve UniProt ID for symbol 'PRPF4B'
[2026-05-18 20:05:10,844] WARNING root: No data for PRPF4B; skipping.
[2026-05-18 20:08:09,213] WARNING embpy.resources.protein.resolver: Could not resolve UniProt ID for symbol 'RPS10-NUDT3'
[2026-05-18 20:08:09,213] WARNING root: No data for RPS10-NUDT3; skipping.
[2026-05-18 20:21:19,015] WARNING world_model.data.embeddings.bio_embedder: BioEmbedderProvider: 3 / 2057 input rows are UNRESOLVED for model=esmc_600m (first 10: ['ALG1L', 'PRPF4B', 'RPS10-NUDT3']). UNRESOLVED rows are zero vectors -- treat this as a data-quality bug, not a default. Re-run embed_perturbations.py after fixing alias drift / Ensembl 4xx errors.
[2026-05-18 20:21:19,059] INFO __main__: Embedded 2054 / 2057 rows at dim=1152 (RESOLVED=2054, CONTROL=0, UNRESOLVED=3).
[2026-05-18 20:21:19,111] INFO __main__: Wrote embeddings to runs/_cache/action_embeddings/esmc_600m/full_mean_human.npz
[2026-05-18 20:21:19,114] INFO __main__: Status sidecar -> runs/_cache/action_embeddings/esmc_600m/full_mean_human.npz.status.json
[2026-05-18 20:21:19,126] INFO world_model.data.datasets.base: Built gene embedding table: 6 rows, dim=1152, missing=0
[2026-05-18 20:21:19,146] INFO __main__: PrecomputedProvider round-trip OK: table shape=(6, 1152), indexer rows=6
