 WARN Encountered 2 warnings while parsing the manifest:
  ⚠ The feature 'state' is defined but not used in any environment.
  │ Dependencies of unused features are not resolved or checked, and use
  │ wildcard (*) version specifiers by default, disregarding any set `pinning-
  │ strategy`
     ╭─[/ictstr01/groups/ml01/workspace/goncalo.pinto/embpy/pixi.toml:386:10]
 385 │ # ---------------------------------------------------------------------------
 386 │ [feature.state]
     ·          ─────
 387 │ platforms = ["linux-64"]
     ╰────
  help: Remove the feature from the manifest or add it to an environment

  ⚠ The feature 'stack' is defined but not used in any environment.
  │ Dependencies of unused features are not resolved or checked, and use
  │ wildcard (*) version specifiers by default, disregarding any set `pinning-
  │ strategy`
     ╭─[/ictstr01/groups/ml01/workspace/goncalo.pinto/embpy/pixi.toml:402:10]
 401 │ 
 402 │ [feature.stack]
     ·          ─────
 403 │ platforms = ["linux-64"]
     ╰────
  help: Remove the feature from the manifest or add it to an environment

[2026-05-18 18:32:22,514] INFO __main__: Found 2393 unique non-control perturbation labels in data/datasets/nadig/NadigOConner2024_jurkat.h5ad (filtered out 12013 control cells).
[2026-05-18 18:32:22,589] INFO world_model.data.embeddings.bio_embedder: BioEmbedderProvider cache hit 0/2393 unique gene symbols (model=esm2_650M)
[2026-05-18 18:32:37,436] INFO root: CUDA device found, using GPU.
[2026-05-18 18:32:37,437] INFO root: GeneResolver initialized for human (Release 109).
[2026-05-18 18:32:37,507] INFO root: Checking if Ensembl data needs downloading/indexing...
[2026-05-18 18:32:37,889] INFO pyensembl.sequence_data: Loaded sequence dictionary from /home/icb/goncalo.pinto/.cache/pyensembl/GRCh38/ensembl109/Homo_sapiens.GRCh38.cdna.all.fa.gz.pickle
[2026-05-18 18:32:38,012] INFO pyensembl.sequence_data: Loaded sequence dictionary from /home/icb/goncalo.pinto/.cache/pyensembl/GRCh38/ensembl109/Homo_sapiens.GRCh38.ncrna.fa.gz.pickle
[2026-05-18 18:32:38,115] INFO pyensembl.sequence_data: Loaded sequence dictionary from /home/icb/goncalo.pinto/.cache/pyensembl/GRCh38/ensembl109/Homo_sapiens.GRCh38.pep.all.fa.gz.pickle
[2026-05-18 18:32:38,115] INFO root: pyensembl data is ready.
[2026-05-18 18:32:38,116] INFO root: BioEmbedder initialized: device=cuda, organism=human, backend=api
[2026-05-18 18:32:38,116] INFO root: Loading registered model 'esm2_650M' onto device 'cuda'...
[2026-05-18 18:32:38,116] INFO root: Loading ESM2 model 'facebook/esm2_t33_650M_UR50D'...
Some weights of EsmModel were not initialized from the model checkpoint at facebook/esm2_t33_650M_UR50D and are newly initialized: ['esm.pooler.dense.bias', 'esm.pooler.dense.weight']
You should probably TRAIN this model on a down-stream task to be able to use it for predictions and inference.
[2026-05-18 18:32:53,620] INFO root: ESM2 model loaded successfully.
[2026-05-18 18:32:53,621] INFO root: Model 'esm2_650M' loaded successfully.
[2026-05-18 18:32:53,621] INFO root: Batch: 2393 items for 'esm2_650M' (protein)...
[2026-05-18 18:33:07,728] WARNING embpy.resources.protein.resolver: Could not resolve UniProt ID for symbol 'AC118549.1'
[2026-05-18 18:33:07,728] WARNING root: No data for AC118549.1; skipping.
[2026-05-18 18:33:38,706] WARNING embpy.resources.protein.resolver: Could not resolve UniProt ID for symbol 'ALG1L'
[2026-05-18 18:33:38,706] WARNING root: No data for ALG1L; skipping.
[2026-05-18 18:51:29,035] WARNING embpy.resources.protein.resolver: Could not resolve UniProt ID for symbol 'NEDD8-MDP1'
[2026-05-18 18:51:29,074] WARNING root: No data for NEDD8-MDP1; skipping.
[2026-05-18 18:55:58,608] WARNING embpy.resources.protein.resolver: Could not resolve UniProt ID for symbol 'PRPF4B'
[2026-05-18 18:55:58,645] WARNING root: No data for PRPF4B; skipping.
[2026-05-18 18:59:23,380] WARNING embpy.resources.protein.resolver: Could not resolve UniProt ID for symbol 'RPS10-NUDT3'
[2026-05-18 18:59:23,383] WARNING root: No data for RPS10-NUDT3; skipping.
Asking to truncate to max_length but no maximum length is provided and the model has no predefined maximum length. Default to no truncation.
[2026-05-19T02:32:14.010] error: *** JOB 36483852 ON gpusrv27 CANCELLED AT 2026-05-19T02:32:14 DUE TO TIME LIMIT ***
[2026-05-19T02:41:04.000] error: *** JOB 36483852 STEPD TERMINATED ON gpusrv27 AT 2026-05-19T02:41:03 DUE TO JOB NOT ENDING WITH SIGNALS ***
