 WARN Encountered 2 warnings while parsing the manifest:
  ⚠ The feature 'state' is defined but not used in any environment.
  │ Dependencies of unused features are not resolved or checked, and use
  │ wildcard (*) version specifiers by default, disregarding any set `pinning-
  │ strategy`
     ╭─[/ictstr01/groups/ml01/workspace/goncalo.pinto/embpy/pixi.toml:386:10]
 385 │ # ---------------------------------------------------------------------------
 386 │ [feature.state]
     ·          ─────
 387 │ platforms = ["linux-64"]
     ╰────
  help: Remove the feature from the manifest or add it to an environment

  ⚠ The feature 'stack' is defined but not used in any environment.
  │ Dependencies of unused features are not resolved or checked, and use
  │ wildcard (*) version specifiers by default, disregarding any set `pinning-
  │ strategy`
     ╭─[/ictstr01/groups/ml01/workspace/goncalo.pinto/embpy/pixi.toml:402:10]
 401 │ 
 402 │ [feature.stack]
     ·          ─────
 403 │ platforms = ["linux-64"]
     ╰────
  help: Remove the feature from the manifest or add it to an environment

[2026-05-18 17:20:15,148] INFO __main__: Found 2057 unique non-control perturbation labels in data/datasets/replogle/replogle_2022_k562_essential.h5ad (filtered out 10691 control cells).
[2026-05-18 17:20:15,172] INFO world_model.data.embeddings.bio_embedder: BioEmbedderProvider cache hit 0/2057 unique gene symbols (model=gena_lm_bert_base)
[2026-05-18 17:23:29,733] INFO root: CUDA device found, using GPU.
[2026-05-18 17:23:29,733] INFO root: GeneResolver initialized for human (Release 109).
[2026-05-18 17:23:31,830] INFO root: Checking if Ensembl data needs downloading/indexing...
[2026-05-18 17:23:32,654] INFO pyensembl.sequence_data: Loaded sequence dictionary from /home/icb/goncalo.pinto/.cache/pyensembl/GRCh38/ensembl109/Homo_sapiens.GRCh38.cdna.all.fa.gz.pickle
[2026-05-18 17:23:33,024] INFO pyensembl.sequence_data: Loaded sequence dictionary from /home/icb/goncalo.pinto/.cache/pyensembl/GRCh38/ensembl109/Homo_sapiens.GRCh38.ncrna.fa.gz.pickle
[2026-05-18 17:23:33,357] INFO pyensembl.sequence_data: Loaded sequence dictionary from /home/icb/goncalo.pinto/.cache/pyensembl/GRCh38/ensembl109/Homo_sapiens.GRCh38.pep.all.fa.gz.pickle
[2026-05-18 17:23:33,359] INFO root: pyensembl data is ready.
[2026-05-18 17:23:33,359] INFO root: BioEmbedder initialized: device=cuda, organism=human, backend=api
[2026-05-18 17:23:33,361] INFO root: Loading registered model 'gena_lm_bert_base' onto device 'cuda'...
[2026-05-18 17:23:33,361] INFO root: Loading GENA-LM 'AIRI-Institute/gena-lm-bert-base-t2t' …
[2026-05-18 17:23:46,704] INFO root: GENA-LM 'AIRI-Institute/gena-lm-bert-base-t2t' loaded on cuda.
[2026-05-18 17:23:46,705] INFO root: Model 'gena_lm_bert_base' loaded successfully.
[2026-05-18 17:23:46,705] INFO root: Batch: 2057 items for 'gena_lm_bert_base' (dna)...
[2026-05-18 17:25:55,541] ERROR root: Error fetching DNA sequence from Ensembl for 'C14orf178': 400 Client Error: Bad Request for url: https://rest.ensembl.org/lookup/symbol/human/C14orf178?expand=1
[2026-05-18 17:25:55,544] WARNING root: No data for C14orf178; skipping.
[2026-05-18 17:26:00,765] ERROR root: Error fetching DNA sequence from Ensembl for 'C1orf109': 400 Client Error: Bad Request for url: https://rest.ensembl.org/lookup/symbol/human/C1orf109?expand=1
[2026-05-18 17:26:00,766] WARNING root: No data for C1orf109; skipping.
[2026-05-18 17:26:01,933] ERROR root: Error fetching DNA sequence from Ensembl for 'C7orf50': 400 Client Error: Bad Request for url: https://rest.ensembl.org/lookup/symbol/human/C7orf50?expand=1
[2026-05-18 17:26:01,934] WARNING root: No data for C7orf50; skipping.
[2026-05-18 17:26:13,671] ERROR root: Error fetching DNA sequence from Ensembl for 'CCDC115': 400 Client Error: Bad Request for url: https://rest.ensembl.org/lookup/symbol/human/CCDC115?expand=1
[2026-05-18 17:26:13,672] WARNING root: No data for CCDC115; skipping.
[2026-05-18 17:26:50,566] ERROR root: Error fetching DNA sequence from Ensembl for 'CENPJ': 400 Client Error: Bad Request for url: https://rest.ensembl.org/lookup/symbol/human/CENPJ?expand=1
[2026-05-18 17:26:50,567] WARNING root: No data for CENPJ; skipping.
[2026-05-18 17:31:18,130] ERROR root: Error fetching DNA sequence from Ensembl for 'FAM207A': 400 Client Error: Bad Request for url: https://rest.ensembl.org/lookup/symbol/human/LOC108281151?expand=1
[2026-05-18 17:31:18,153] WARNING root: No data for FAM207A; skipping.
[2026-05-18 17:34:56,888] ERROR root: Error fetching DNA sequence from Ensembl for 'MARS': 400 Client Error: Bad Request for url: https://rest.ensembl.org/lookup/symbol/human/LOC106560211?expand=1
[2026-05-18 17:34:56,889] WARNING root: No data for MARS; skipping.
[2026-05-18 17:36:25,539] ERROR root: Error fetching DNA sequence from Ensembl for 'MTRNR2L1': 400 Client Error: Bad Request for url: https://rest.ensembl.org/lookup/symbol/human/MTRNR2L1?expand=1
[2026-05-18 17:36:25,540] WARNING root: No data for MTRNR2L1; skipping.
[2026-05-18 17:36:31,210] ERROR root: Error fetching DNA sequence from Ensembl for 'N6AMT1': 400 Client Error: Bad Request for url: https://rest.ensembl.org/lookup/symbol/human/N6AMT1?expand=1
[2026-05-18 17:36:31,211] WARNING root: No data for N6AMT1; skipping.
[2026-05-18 17:39:34,915] ERROR root: Error fetching DNA sequence from Ensembl for 'PHB': 400 Client Error: Bad Request for url: https://rest.ensembl.org/lookup/symbol/human/LOC116276472?expand=1
[2026-05-18 17:39:34,941] WARNING root: No data for PHB; skipping.
[2026-05-18 17:40:57,214] ERROR root: Error fetching DNA sequence from Ensembl for 'PRPF4B': 400 Client Error: Bad Request for url: https://rest.ensembl.org/lookup/symbol/human/PRPF4B?expand=1
[2026-05-18 17:40:57,215] WARNING root: No data for PRPF4B; skipping.
[2026-05-18 17:45:45,219] ERROR root: Error fetching DNA sequence from Ensembl for 'SPATA5': 400 Client Error: Bad Request for url: https://rest.ensembl.org/lookup/symbol/human/SPATA5?expand=1
[2026-05-18 17:45:45,222] WARNING root: No data for SPATA5; skipping.
[2026-05-18 17:45:45,351] ERROR root: Error fetching DNA sequence from Ensembl for 'SPATA5L1': 400 Client Error: Bad Request for url: https://rest.ensembl.org/lookup/symbol/human/SPATA5L1?expand=1
[2026-05-18 17:45:45,352] WARNING root: No data for SPATA5L1; skipping.
[2026-05-18 17:46:49,651] ERROR root: Error fetching DNA sequence from Ensembl for 'TDGF1': 400 Client Error: Bad Request for url: https://rest.ensembl.org/lookup/symbol/human/TDGF1?expand=1
[2026-05-18 17:46:49,653] WARNING root: No data for TDGF1; skipping.
[2026-05-18 17:47:18,669] ERROR root: Error fetching DNA sequence from Ensembl for 'TMEM199': 400 Client Error: Bad Request for url: https://rest.ensembl.org/lookup/symbol/human/TMEM199?expand=1
[2026-05-18 17:47:18,671] WARNING root: No data for TMEM199; skipping.
[2026-05-18 17:50:11,834] ERROR root: Error fetching DNA sequence from Ensembl for 'ZNF720': 400 Client Error: Bad Request for url: https://rest.ensembl.org/lookup/symbol/human/KRABD5?expand=1
[2026-05-18 17:50:11,834] WARNING root: No data for ZNF720; skipping.
Asking to truncate to max_length but no maximum length is provided and the model has no predefined maximum length. Default to no truncation.
[2026-05-18 17:50:19,642] ERROR root: Batch embed failed: The expanded size of the tensor (16596) must match the existing size (512) at non-singleton dimension 1.  Target sizes: [16, 16596].  Tensor sizes: [1, 512]
Traceback (most recent call last):
  File "/ictstr01/groups/ml01/workspace/goncalo.pinto/embpy/src/embpy/embedder.py", line 888, in embed_genes_batch
    batch_results = inst.embed_batch(inputs=valid_inputs, pooling_strategy=pooling_strategy, **kwargs)
                    ^^^^^^^^^^^^^^^^^^^^^^^^^^^^^^^^^^^^^^^^^^^^^^^^^^^^^^^^^^^^^^^^^^^^^^^^^^^^^^^^^^
  File "/ictstr01/groups/ml01/workspace/goncalo.pinto/embpy/src/embpy/models/dna_models.py", line 1555, in embed_batch
    return _hf_batched_embed(
           ^^^^^^^^^^^^^^^^^^
  File "/ictstr01/groups/ml01/workspace/goncalo.pinto/embpy/src/embpy/models/dna_models.py", line 106, in _hf_batched_embed
    out = model(
          ^^^^^^
  File "/ictstr01/groups/ml01/workspace/goncalo.pinto/embpy/.pixi/envs/gpu/lib/python3.12/site-packages/torch/nn/modules/module.py", line 1736, in _wrapped_call_impl
    return self._call_impl(*args, **kwargs)
           ^^^^^^^^^^^^^^^^^^^^^^^^^^^^^^^^
  File "/ictstr01/groups/ml01/workspace/goncalo.pinto/embpy/.pixi/envs/gpu/lib/python3.12/site-packages/torch/nn/modules/module.py", line 1747, in _call_impl
    return forward_call(*args, **kwargs)
           ^^^^^^^^^^^^^^^^^^^^^^^^^^^^^
  File "/home/icb/goncalo.pinto/.cache/huggingface/modules/transformers_modules/AIRI-Institute/gena-lm-bert-base-t2t/4f1352bd4e820f1dba341047f54ad7795e083bf2/modeling_bert.py", line 1620, in forward
    outputs = self.bert(
              ^^^^^^^^^^
  File "/ictstr01/groups/ml01/workspace/goncalo.pinto/embpy/.pixi/envs/gpu/lib/python3.12/site-packages/torch/nn/modules/module.py", line 1736, in _wrapped_call_impl
    return self._call_impl(*args, **kwargs)
           ^^^^^^^^^^^^^^^^^^^^^^^^^^^^^^^^
  File "/ictstr01/groups/ml01/workspace/goncalo.pinto/embpy/.pixi/envs/gpu/lib/python3.12/site-packages/torch/nn/modules/module.py", line 1747, in _call_impl
    return forward_call(*args, **kwargs)
           ^^^^^^^^^^^^^^^^^^^^^^^^^^^^^
  File "/home/icb/goncalo.pinto/.cache/huggingface/modules/transformers_modules/AIRI-Institute/gena-lm-bert-base-t2t/4f1352bd4e820f1dba341047f54ad7795e083bf2/modeling_bert.py", line 1235, in forward
    buffered_token_type_ids_expanded = buffered_token_type_ids.expand(batch_size, seq_length)
                                       ^^^^^^^^^^^^^^^^^^^^^^^^^^^^^^^^^^^^^^^^^^^^^^^^^^^^^^
RuntimeError: The expanded size of the tensor (16596) must match the existing size (512) at non-singleton dimension 1.  Target sizes: [16, 16596].  Tensor sizes: [1, 512]
Traceback (most recent call last):
  File "<frozen runpy>", line 198, in _run_module_as_main
  File "<frozen runpy>", line 88, in _run_code
  File "/ictstr01/groups/ml01/workspace/goncalo.pinto/embpy/src/world_model/world_model/scripts/embed_perturbations.py", line 267, in <module>
    sys.exit(main())
             ^^^^^^
  File "/ictstr01/groups/ml01/workspace/goncalo.pinto/embpy/src/world_model/world_model/scripts/embed_perturbations.py", line 187, in main
    embeddings, statuses = provider.embed_with_status(perturbation_labels)
                           ^^^^^^^^^^^^^^^^^^^^^^^^^^^^^^^^^^^^^^^^^^^^^^^
  File "/ictstr01/groups/ml01/workspace/goncalo.pinto/embpy/src/world_model/world_model/data/embeddings/bio_embedder.py", line 191, in embed_with_status
    raise ValueError(
ValueError: BioEmbedder returned no embeddings for any of 2057 symbols. Check model_name='gena_lm_bert_base', organism='human', resolver_backend='api'. If your dataset is mostly controls, set action_embedding.fail_on_unresolved=False and verify the output of embed_perturbations.py.
