 WARN Encountered 2 warnings while parsing the manifest:
  ⚠ The feature 'state' is defined but not used in any environment.
  │ Dependencies of unused features are not resolved or checked, and use
  │ wildcard (*) version specifiers by default, disregarding any set `pinning-
  │ strategy`
     ╭─[/ictstr01/groups/ml01/workspace/goncalo.pinto/embpy/pixi.toml:386:10]
 385 │ # ---------------------------------------------------------------------------
 386 │ [feature.state]
     ·          ─────
 387 │ platforms = ["linux-64"]
     ╰────
  help: Remove the feature from the manifest or add it to an environment

  ⚠ The feature 'stack' is defined but not used in any environment.
  │ Dependencies of unused features are not resolved or checked, and use
  │ wildcard (*) version specifiers by default, disregarding any set `pinning-
  │ strategy`
     ╭─[/ictstr01/groups/ml01/workspace/goncalo.pinto/embpy/pixi.toml:402:10]
 401 │ 
 402 │ [feature.stack]
     ·          ─────
 403 │ platforms = ["linux-64"]
     ╰────
  help: Remove the feature from the manifest or add it to an environment

[2026-05-19 15:58:13,912] INFO __main__: Found 2393 unique non-control perturbation labels in data/datasets/nadig/NadigOConner2024_jurkat.h5ad (filtered out 12013 control cells).
[2026-05-19 15:58:14,038] INFO world_model.data.embeddings.bio_embedder: BioEmbedderProvider cache hit 0/2393 unique gene symbols (model=enformer_human_rough)
[2026-05-19 16:01:42,329] INFO root: CUDA device found, using GPU.
[2026-05-19 16:01:42,337] INFO root: GeneResolver initialized for human (Release 109).
[2026-05-19 16:01:43,522] INFO root: Checking if Ensembl data needs downloading/indexing...
[2026-05-19 16:01:44,464] INFO pyensembl.sequence_data: Loaded sequence dictionary from /home/icb/goncalo.pinto/.cache/pyensembl/GRCh38/ensembl109/Homo_sapiens.GRCh38.cdna.all.fa.gz.pickle
[2026-05-19 16:01:44,693] INFO pyensembl.sequence_data: Loaded sequence dictionary from /home/icb/goncalo.pinto/.cache/pyensembl/GRCh38/ensembl109/Homo_sapiens.GRCh38.ncrna.fa.gz.pickle
[2026-05-19 16:01:44,998] INFO pyensembl.sequence_data: Loaded sequence dictionary from /home/icb/goncalo.pinto/.cache/pyensembl/GRCh38/ensembl109/Homo_sapiens.GRCh38.pep.all.fa.gz.pickle
[2026-05-19 16:01:44,999] INFO root: pyensembl data is ready.
[2026-05-19 16:01:45,000] INFO root: BioEmbedder initialized: device=cuda, organism=human, backend=api
[2026-05-19 16:01:45,001] INFO root: Loading registered model 'enformer_human_rough' onto device 'cuda'...
[2026-05-19 16:01:45,001] INFO root: Loading Enformer model 'EleutherAI/enformer-official-rough' …
[2026-05-19 16:01:54,244] INFO root: Enformer 'EleutherAI/enformer-official-rough' loaded on cuda.
[2026-05-19 16:01:54,245] INFO root: Model 'enformer_human_rough' loaded successfully.
[2026-05-19 16:01:54,245] INFO root: Batch: 2393 items for 'enformer_human_rough' (dna)...
[2026-05-19 16:02:19,472] ERROR root: Error fetching DNA sequence from Ensembl for 'AC118549.1': 400 Client Error: Bad Request for url: https://rest.ensembl.org/lookup/symbol/human/AC118549.1?expand=1
[2026-05-19 16:02:19,475] WARNING root: No data for AC118549.1; skipping.
[2026-05-19 16:06:03,021] ERROR root: Error fetching DNA sequence from Ensembl for 'C14orf178': 400 Client Error: Bad Request for url: https://rest.ensembl.org/lookup/symbol/human/C14orf178?expand=1
[2026-05-19 16:06:03,039] WARNING root: No data for C14orf178; skipping.
[2026-05-19 16:06:09,423] ERROR root: Error fetching DNA sequence from Ensembl for 'C1orf109': 400 Client Error: Bad Request for url: https://rest.ensembl.org/lookup/symbol/human/C1orf109?expand=1
[2026-05-19 16:06:09,424] WARNING root: No data for C1orf109; skipping.
[2026-05-19 16:06:09,971] ERROR root: Error fetching DNA sequence from Ensembl for 'C1orf131': 400 Client Error: Bad Request for url: https://rest.ensembl.org/lookup/symbol/human/C1orf131?expand=1
[2026-05-19 16:06:09,972] WARNING root: No data for C1orf131; skipping.
[2026-05-19 16:06:14,457] ERROR root: Error fetching DNA sequence from Ensembl for 'C7orf50': 400 Client Error: Bad Request for url: https://rest.ensembl.org/lookup/symbol/human/C7orf50?expand=1
[2026-05-19 16:06:14,457] WARNING root: No data for C7orf50; skipping.
[2026-05-19 16:06:40,344] ERROR root: Error fetching DNA sequence from Ensembl for 'CCDC115': 400 Client Error: Bad Request for url: https://rest.ensembl.org/lookup/symbol/human/CCDC115?expand=1
[2026-05-19 16:06:40,346] WARNING root: No data for CCDC115; skipping.
