 WARN Encountered 2 warnings while parsing the manifest:
  ⚠ The feature 'state' is defined but not used in any environment.
  │ Dependencies of unused features are not resolved or checked, and use
  │ wildcard (*) version specifiers by default, disregarding any set `pinning-
  │ strategy`
     ╭─[/ictstr01/groups/ml01/workspace/goncalo.pinto/embpy/pixi.toml:386:10]
 385 │ # ---------------------------------------------------------------------------
 386 │ [feature.state]
     ·          ─────
 387 │ platforms = ["linux-64"]
     ╰────
  help: Remove the feature from the manifest or add it to an environment

  ⚠ The feature 'stack' is defined but not used in any environment.
  │ Dependencies of unused features are not resolved or checked, and use
  │ wildcard (*) version specifiers by default, disregarding any set `pinning-
  │ strategy`
     ╭─[/ictstr01/groups/ml01/workspace/goncalo.pinto/embpy/pixi.toml:402:10]
 401 │ 
 402 │ [feature.stack]
     ·          ─────
 403 │ platforms = ["linux-64"]
     ╰────
  help: Remove the feature from the manifest or add it to an environment

[2026-05-18 16:45:43,542] INFO __main__: Found 2393 unique non-control perturbation labels in data/datasets/nadig/NadigOConner2024_jurkat.h5ad (filtered out 12013 control cells).
[2026-05-18 16:45:43,608] INFO world_model.data.embeddings.bio_embedder: BioEmbedderProvider cache hit 0/2393 unique gene symbols (model=borzoi_v1)
[2026-05-18 16:47:04,451] INFO root: CUDA device found, using GPU.
[2026-05-18 16:47:04,451] INFO root: GeneResolver initialized for human (Release 109).
[2026-05-18 16:47:05,676] INFO root: Checking if Ensembl data needs downloading/indexing...
[2026-05-18 16:47:06,915] INFO pyensembl.sequence_data: Loaded sequence dictionary from /home/icb/goncalo.pinto/.cache/pyensembl/GRCh38/ensembl109/Homo_sapiens.GRCh38.cdna.all.fa.gz.pickle
[2026-05-18 16:47:07,055] INFO pyensembl.sequence_data: Loaded sequence dictionary from /home/icb/goncalo.pinto/.cache/pyensembl/GRCh38/ensembl109/Homo_sapiens.GRCh38.ncrna.fa.gz.pickle
[2026-05-18 16:47:07,260] INFO pyensembl.sequence_data: Loaded sequence dictionary from /home/icb/goncalo.pinto/.cache/pyensembl/GRCh38/ensembl109/Homo_sapiens.GRCh38.pep.all.fa.gz.pickle
[2026-05-18 16:47:07,261] INFO root: pyensembl data is ready.
[2026-05-18 16:47:07,262] INFO root: BioEmbedder initialized: device=cuda, organism=human, backend=api
[2026-05-18 16:47:07,262] INFO root: Loading registered model 'borzoi_v1' onto device 'cuda'...
[2026-05-18 16:47:07,262] INFO root: Loading Borzoi 'johahi/borzoi-replicate-1' …
[2026-05-18 16:47:12,943] INFO root: Borzoi 'johahi/borzoi-replicate-1' loaded on cuda (trunk_dim=1536).
[2026-05-18 16:47:12,943] INFO root: Model 'borzoi_v1' loaded successfully.
[2026-05-18 16:47:12,943] INFO root: Batch: 2393 items for 'borzoi_v1' (dna)...
[2026-05-18 16:47:23,296] ERROR root: Error fetching DNA sequence from Ensembl for 'AC118549.1': 400 Client Error: Bad Request for url: https://rest.ensembl.org/lookup/symbol/human/AC118549.1?expand=1
[2026-05-18 16:47:23,297] WARNING root: No data for AC118549.1; skipping.
[2026-05-18 16:49:04,952] ERROR root: Error fetching DNA sequence from Ensembl for 'C14orf178': 400 Client Error: Bad Request for url: https://rest.ensembl.org/lookup/symbol/human/C14orf178?expand=1
[2026-05-18 16:49:04,953] WARNING root: No data for C14orf178; skipping.
[2026-05-18 16:49:10,963] ERROR root: Error fetching DNA sequence from Ensembl for 'C1orf109': 400 Client Error: Bad Request for url: https://rest.ensembl.org/lookup/symbol/human/C1orf109?expand=1
[2026-05-18 16:49:10,964] WARNING root: No data for C1orf109; skipping.
[2026-05-18 16:49:11,083] ERROR root: Error fetching DNA sequence from Ensembl for 'C1orf131': 400 Client Error: Bad Request for url: https://rest.ensembl.org/lookup/symbol/human/C1orf131?expand=1
[2026-05-18 16:49:11,083] WARNING root: No data for C1orf131; skipping.
[2026-05-18 16:49:12,580] ERROR root: Error fetching DNA sequence from Ensembl for 'C7orf50': 400 Client Error: Bad Request for url: https://rest.ensembl.org/lookup/symbol/human/C7orf50?expand=1
[2026-05-18 16:49:12,580] WARNING root: No data for C7orf50; skipping.
[2026-05-18 16:49:26,500] ERROR root: Error fetching DNA sequence from Ensembl for 'CCDC115': 400 Client Error: Bad Request for url: https://rest.ensembl.org/lookup/symbol/human/CCDC115?expand=1
[2026-05-18 16:49:26,500] WARNING root: No data for CCDC115; skipping.
[2026-05-18 16:50:07,954] ERROR root: Error fetching DNA sequence from Ensembl for 'CENPJ': 400 Client Error: Bad Request for url: https://rest.ensembl.org/lookup/symbol/human/CENPJ?expand=1
[2026-05-18 16:50:07,955] WARNING root: No data for CENPJ; skipping.
[2026-05-18 16:54:35,424] ERROR root: Error fetching DNA sequence from Ensembl for 'FAM102B': 400 Client Error: Bad Request for url: https://rest.ensembl.org/lookup/symbol/human/FAM102B?expand=1
[2026-05-18 16:54:35,436] WARNING root: No data for FAM102B; skipping.
[2026-05-18 16:54:36,396] ERROR root: Error fetching DNA sequence from Ensembl for 'FAM207A': 400 Client Error: Bad Request for url: https://rest.ensembl.org/lookup/symbol/human/LOC108281151?expand=1
[2026-05-18 16:54:36,396] WARNING root: No data for FAM207A; skipping.
[2026-05-18 16:59:34,586] ERROR root: Error fetching DNA sequence from Ensembl for 'MARS': 400 Client Error: Bad Request for url: https://rest.ensembl.org/lookup/symbol/human/LOC106560211?expand=1
[2026-05-18 16:59:34,630] WARNING root: No data for MARS; skipping.
[2026-05-18 17:01:59,533] ERROR root: Error fetching DNA sequence from Ensembl for 'MTRNR2L1': 400 Client Error: Bad Request for url: https://rest.ensembl.org/lookup/symbol/human/MTRNR2L1?expand=1
[2026-05-18 17:01:59,534] WARNING root: No data for MTRNR2L1; skipping.
[2026-05-18 17:02:06,274] ERROR root: Error fetching DNA sequence from Ensembl for 'N6AMT1': 400 Client Error: Bad Request for url: https://rest.ensembl.org/lookup/symbol/human/N6AMT1?expand=1
[2026-05-18 17:02:06,274] WARNING root: No data for N6AMT1; skipping.
[2026-05-18 17:06:30,947] ERROR root: Error fetching DNA sequence from Ensembl for 'PHB': 400 Client Error: Bad Request for url: https://rest.ensembl.org/lookup/symbol/human/LOC116276472?expand=1
[2026-05-18 17:06:30,949] WARNING root: No data for PHB; skipping.
[2026-05-18 17:08:27,482] ERROR root: Error fetching DNA sequence from Ensembl for 'PRPF4B': 400 Client Error: Bad Request for url: https://rest.ensembl.org/lookup/symbol/human/PRPF4B?expand=1
[2026-05-18 17:08:27,483] WARNING root: No data for PRPF4B; skipping.
[2026-05-18 17:15:15,631] ERROR root: Error fetching DNA sequence from Ensembl for 'SPATA5': 400 Client Error: Bad Request for url: https://rest.ensembl.org/lookup/symbol/human/SPATA5?expand=1
[2026-05-18 17:15:15,679] WARNING root: No data for SPATA5; skipping.
[2026-05-18 17:15:15,802] ERROR root: Error fetching DNA sequence from Ensembl for 'SPATA5L1': 400 Client Error: Bad Request for url: https://rest.ensembl.org/lookup/symbol/human/SPATA5L1?expand=1
[2026-05-18 17:15:15,803] WARNING root: No data for SPATA5L1; skipping.
[2026-05-18 17:16:56,801] ERROR root: Error fetching DNA sequence from Ensembl for 'TDGF1': 400 Client Error: Bad Request for url: https://rest.ensembl.org/lookup/symbol/human/TDGF1?expand=1
[2026-05-18 17:16:56,802] WARNING root: No data for TDGF1; skipping.
[2026-05-18 17:17:36,679] ERROR root: Error fetching DNA sequence from Ensembl for 'TMEM199': 400 Client Error: Bad Request for url: https://rest.ensembl.org/lookup/symbol/human/TMEM199?expand=1
[2026-05-18 17:17:36,680] WARNING root: No data for TMEM199; skipping.
[2026-05-18 17:21:15,609] ERROR root: Error fetching DNA sequence from Ensembl for 'ZNF720': 400 Client Error: Bad Request for url: https://rest.ensembl.org/lookup/symbol/human/KRABD5?expand=1
[2026-05-18 17:21:15,632] WARNING root: No data for ZNF720; skipping.
[2026-05-18 17:21:36,058] WARNING root: Truncated Borzoi indices from 548270→524288 (center‐crop).
[2026-05-18 17:21:46,153] WARNING root: Truncated Borzoi indices from 669085→524288 (center‐crop).
[2026-05-18 17:22:18,643] WARNING root: Truncated Borzoi indices from 814067→524288 (center‐crop).
[2026-05-18 17:22:20,296] WARNING root: Truncated Borzoi indices from 568149→524288 (center‐crop).
[2026-05-18 17:24:43,579] WARNING world_model.data.embeddings.bio_embedder: BioEmbedderProvider: 19 / 2393 input rows are UNRESOLVED for model=borzoi_v1 (first 10: ['FAM102B', 'PRPF4B', 'AC118549.1', 'C7orf50', 'N6AMT1', 'CENPJ', 'CCDC115', 'PHB', 'C14orf178', 'C1orf131']). UNRESOLVED rows are zero vectors -- treat this as a data-quality bug, not a default. Re-run embed_perturbations.py after fixing alias drift / Ensembl 4xx errors.
[2026-05-18 17:24:43,586] INFO __main__: Embedded 2374 / 2393 rows at dim=1536 (RESOLVED=2374, CONTROL=0, UNRESOLVED=19).
[2026-05-18 17:24:43,628] INFO __main__: Wrote embeddings to runs/_cache/action_embeddings/borzoi_v1/full_mean_human.npz
[2026-05-18 17:24:43,632] INFO __main__: Status sidecar -> runs/_cache/action_embeddings/borzoi_v1/full_mean_human.npz.status.json
[2026-05-18 17:24:43,643] INFO world_model.data.datasets.base: Built gene embedding table: 6 rows, dim=1536, missing=0
[2026-05-18 17:24:43,645] INFO __main__: PrecomputedProvider round-trip OK: table shape=(6, 1536), indexer rows=6
