 WARN Encountered 2 warnings while parsing the manifest:
  ⚠ The feature 'state' is defined but not used in any environment.
  │ Dependencies of unused features are not resolved or checked, and use
  │ wildcard (*) version specifiers by default, disregarding any set `pinning-
  │ strategy`
     ╭─[/ictstr01/groups/ml01/workspace/goncalo.pinto/embpy/pixi.toml:386:10]
 385 │ # ---------------------------------------------------------------------------
 386 │ [feature.state]
     ·          ─────
 387 │ platforms = ["linux-64"]
     ╰────
  help: Remove the feature from the manifest or add it to an environment

  ⚠ The feature 'stack' is defined but not used in any environment.
  │ Dependencies of unused features are not resolved or checked, and use
  │ wildcard (*) version specifiers by default, disregarding any set `pinning-
  │ strategy`
     ╭─[/ictstr01/groups/ml01/workspace/goncalo.pinto/embpy/pixi.toml:402:10]
 401 │ 
 402 │ [feature.stack]
     ·          ─────
 403 │ platforms = ["linux-64"]
     ╰────
  help: Remove the feature from the manifest or add it to an environment

[2026-05-18 16:20:10,595] INFO __main__: Found 2057 unique non-control perturbation labels in data/datasets/replogle/replogle_2022_k562_essential.h5ad (filtered out 10691 control cells).
[2026-05-18 16:20:10,614] INFO world_model.data.embeddings.bio_embedder: BioEmbedderProvider cache hit 0/2057 unique gene symbols (model=gena_lm_bert_base)
[2026-05-18 16:22:34,376] INFO root: CUDA device found, using GPU.
[2026-05-18 16:22:34,382] INFO root: GeneResolver initialized for human (Release 109).
[2026-05-18 16:22:34,946] INFO root: Checking if Ensembl data needs downloading/indexing...
[2026-05-18 16:22:36,254] INFO pyensembl.sequence_data: Loaded sequence dictionary from /home/icb/goncalo.pinto/.cache/pyensembl/GRCh38/ensembl109/Homo_sapiens.GRCh38.cdna.all.fa.gz.pickle
[2026-05-18 16:22:36,492] INFO pyensembl.sequence_data: Loaded sequence dictionary from /home/icb/goncalo.pinto/.cache/pyensembl/GRCh38/ensembl109/Homo_sapiens.GRCh38.ncrna.fa.gz.pickle
[2026-05-18 16:22:36,709] INFO pyensembl.sequence_data: Loaded sequence dictionary from /home/icb/goncalo.pinto/.cache/pyensembl/GRCh38/ensembl109/Homo_sapiens.GRCh38.pep.all.fa.gz.pickle
[2026-05-18 16:22:36,710] INFO root: pyensembl data is ready.
[2026-05-18 16:22:36,710] INFO root: BioEmbedder initialized: device=cuda, organism=human, backend=api
[2026-05-18 16:22:36,712] INFO root: Loading registered model 'gena_lm_bert_base' onto device 'cuda'...
[2026-05-18 16:22:36,712] INFO root: Loading GENA-LM 'AIRI-Institute/gena-lm-bert-base-t2t' …
[2026-05-18 16:22:48,982] INFO root: GENA-LM 'AIRI-Institute/gena-lm-bert-base-t2t' loaded on cuda.
[2026-05-18 16:22:48,982] INFO root: Model 'gena_lm_bert_base' loaded successfully.
[2026-05-18 16:22:48,982] INFO root: Batch: 2057 items for 'gena_lm_bert_base' (dna)...
[2026-05-18 16:24:21,175] ERROR root: Error fetching DNA sequence from Ensembl for 'C14orf178': 400 Client Error: Bad Request for url: https://rest.ensembl.org/lookup/symbol/human/C14orf178?expand=1
[2026-05-18 16:24:21,176] WARNING root: No data for C14orf178; skipping.
[2026-05-18 16:24:24,273] ERROR root: Error fetching DNA sequence from Ensembl for 'C1orf109': 400 Client Error: Bad Request for url: https://rest.ensembl.org/lookup/symbol/human/C1orf109?expand=1
[2026-05-18 16:24:24,274] WARNING root: No data for C1orf109; skipping.
[2026-05-18 16:24:25,150] ERROR root: Error fetching DNA sequence from Ensembl for 'C7orf50': 400 Client Error: Bad Request for url: https://rest.ensembl.org/lookup/symbol/human/C7orf50?expand=1
[2026-05-18 16:24:25,151] WARNING root: No data for C7orf50; skipping.
[2026-05-18 16:24:35,713] ERROR root: Error fetching DNA sequence from Ensembl for 'CCDC115': 400 Client Error: Bad Request for url: https://rest.ensembl.org/lookup/symbol/human/CCDC115?expand=1
[2026-05-18 16:24:35,713] WARNING root: No data for CCDC115; skipping.
[2026-05-18 16:25:09,330] ERROR root: Error fetching DNA sequence from Ensembl for 'CENPJ': 400 Client Error: Bad Request for url: https://rest.ensembl.org/lookup/symbol/human/CENPJ?expand=1
[2026-05-18 16:25:09,331] WARNING root: No data for CENPJ; skipping.
[2026-05-18 16:28:55,095] ERROR root: Error fetching DNA sequence from Ensembl for 'FAM207A': 400 Client Error: Bad Request for url: https://rest.ensembl.org/lookup/symbol/human/LOC108281151?expand=1
[2026-05-18 16:28:55,096] WARNING root: No data for FAM207A; skipping.
[2026-05-18 16:33:00,467] ERROR root: Error fetching DNA sequence from Ensembl for 'MARS': 400 Client Error: Bad Request for url: https://rest.ensembl.org/lookup/symbol/human/LOC106560211?expand=1
[2026-05-18 16:33:00,474] WARNING root: No data for MARS; skipping.
[2026-05-18 16:34:46,646] ERROR root: Error fetching DNA sequence from Ensembl for 'MTRNR2L1': 400 Client Error: Bad Request for url: https://rest.ensembl.org/lookup/symbol/human/MTRNR2L1?expand=1
[2026-05-18 16:34:46,646] WARNING root: No data for MTRNR2L1; skipping.
[2026-05-18 16:34:54,478] ERROR root: Error fetching DNA sequence from Ensembl for 'N6AMT1': 400 Client Error: Bad Request for url: https://rest.ensembl.org/lookup/symbol/human/N6AMT1?expand=1
[2026-05-18 16:34:54,479] WARNING root: No data for N6AMT1; skipping.
[2026-05-18 16:37:47,392] ERROR root: Error fetching DNA sequence from Ensembl for 'PHB': 400 Client Error: Bad Request for url: https://rest.ensembl.org/lookup/symbol/human/LOC116276472?expand=1
[2026-05-18 16:37:47,393] WARNING root: No data for PHB; skipping.
[2026-05-18T16:38:46.880] error: *** JOB 36480724 ON gpusrv72 CANCELLED AT 2026-05-18T16:38:46 DUE to SIGNAL Terminated ***
