 WARN Encountered 2 warnings while parsing the manifest:
  ⚠ The feature 'state' is defined but not used in any environment.
  │ Dependencies of unused features are not resolved or checked, and use
  │ wildcard (*) version specifiers by default, disregarding any set `pinning-
  │ strategy`
     ╭─[/ictstr01/groups/ml01/workspace/goncalo.pinto/embpy/pixi.toml:386:10]
 385 │ # ---------------------------------------------------------------------------
 386 │ [feature.state]
     ·          ─────
 387 │ platforms = ["linux-64"]
     ╰────
  help: Remove the feature from the manifest or add it to an environment

  ⚠ The feature 'stack' is defined but not used in any environment.
  │ Dependencies of unused features are not resolved or checked, and use
  │ wildcard (*) version specifiers by default, disregarding any set `pinning-
  │ strategy`
     ╭─[/ictstr01/groups/ml01/workspace/goncalo.pinto/embpy/pixi.toml:402:10]
 401 │ 
 402 │ [feature.stack]
     ·          ─────
 403 │ platforms = ["linux-64"]
     ╰────
  help: Remove the feature from the manifest or add it to an environment

[2026-05-18 18:56:02,986] INFO __main__: Found 2393 unique non-control perturbation labels in data/datasets/nadig/NadigOConner2024_jurkat.h5ad (filtered out 12013 control cells).
[2026-05-18 18:56:03,107] INFO world_model.data.embeddings.bio_embedder: BioEmbedderProvider cache hit 0/2393 unique gene symbols (model=esm2_3B)
[2026-05-18 18:59:07,306] INFO root: CUDA device found, using GPU.
[2026-05-18 18:59:07,306] INFO root: GeneResolver initialized for human (Release 109).
[2026-05-18 18:59:08,936] INFO root: Checking if Ensembl data needs downloading/indexing...
[2026-05-18 18:59:09,882] INFO pyensembl.sequence_data: Loaded sequence dictionary from /home/icb/goncalo.pinto/.cache/pyensembl/GRCh38/ensembl109/Homo_sapiens.GRCh38.cdna.all.fa.gz.pickle
[2026-05-18 18:59:10,183] INFO pyensembl.sequence_data: Loaded sequence dictionary from /home/icb/goncalo.pinto/.cache/pyensembl/GRCh38/ensembl109/Homo_sapiens.GRCh38.ncrna.fa.gz.pickle
[2026-05-18 18:59:10,464] INFO pyensembl.sequence_data: Loaded sequence dictionary from /home/icb/goncalo.pinto/.cache/pyensembl/GRCh38/ensembl109/Homo_sapiens.GRCh38.pep.all.fa.gz.pickle
[2026-05-18 18:59:10,467] INFO root: pyensembl data is ready.
[2026-05-18 18:59:10,468] INFO root: BioEmbedder initialized: device=cuda, organism=human, backend=api
[2026-05-18 18:59:10,468] INFO root: Loading registered model 'esm2_3B' onto device 'cuda'...
[2026-05-18 18:59:10,468] INFO root: Loading ESM2 model 'facebook/esm2_t36_3B_UR50D'...
Loading checkpoint shards:   0%|          | 0/2 [00:00<?, ?it/s]Loading checkpoint shards:  50%|█████     | 1/2 [00:12<00:12, 12.04s/it]Loading checkpoint shards: 100%|██████████| 2/2 [00:13<00:00,  5.83s/it]Loading checkpoint shards: 100%|██████████| 2/2 [00:13<00:00,  6.76s/it]
Some weights of EsmModel were not initialized from the model checkpoint at facebook/esm2_t36_3B_UR50D and are newly initialized: ['esm.pooler.dense.bias', 'esm.pooler.dense.weight']
You should probably TRAIN this model on a down-stream task to be able to use it for predictions and inference.
[2026-05-18 18:59:49,897] INFO root: ESM2 model loaded successfully.
[2026-05-18 18:59:49,898] INFO root: Model 'esm2_3B' loaded successfully.
[2026-05-18 18:59:49,898] INFO root: Batch: 2393 items for 'esm2_3B' (protein)...
[2026-05-18 19:00:06,939] WARNING embpy.resources.protein.resolver: Could not resolve UniProt ID for symbol 'AC118549.1'
[2026-05-18 19:00:06,939] WARNING root: No data for AC118549.1; skipping.
[2026-05-18 19:00:36,894] WARNING embpy.resources.protein.resolver: Could not resolve UniProt ID for symbol 'ALG1L'
[2026-05-18 19:00:36,895] WARNING root: No data for ALG1L; skipping.
[2026-05-18 19:19:18,455] WARNING embpy.resources.protein.resolver: Could not resolve UniProt ID for symbol 'NEDD8-MDP1'
[2026-05-18 19:19:18,482] WARNING root: No data for NEDD8-MDP1; skipping.
[2026-05-18 19:23:49,326] WARNING embpy.resources.protein.resolver: Could not resolve UniProt ID for symbol 'PRPF4B'
[2026-05-18 19:23:49,327] WARNING root: No data for PRPF4B; skipping.
[2026-05-18 19:26:59,477] WARNING embpy.resources.protein.resolver: Could not resolve UniProt ID for symbol 'RPS10-NUDT3'
[2026-05-18 19:26:59,481] WARNING root: No data for RPS10-NUDT3; skipping.
Asking to truncate to max_length but no maximum length is provided and the model has no predefined maximum length. Default to no truncation.
[2026-05-18 19:36:59,466] ERROR root: Batch embed failed: CUDA out of memory. Tried to allocate 420.00 MiB. GPU 0 has a total capacity of 31.73 GiB of which 149.00 MiB is free. Including non-PyTorch memory, this process has 31.58 GiB memory in use. Of the allocated memory 30.81 GiB is allocated by PyTorch, and 417.67 MiB is reserved by PyTorch but unallocated. If reserved but unallocated memory is large try setting PYTORCH_CUDA_ALLOC_CONF=expandable_segments:True to avoid fragmentation.  See documentation for Memory Management  (https://pytorch.org/docs/stable/notes/cuda.html#environment-variables)
Traceback (most recent call last):
  File "/ictstr01/groups/ml01/workspace/goncalo.pinto/embpy/src/embpy/embedder.py", line 888, in embed_genes_batch
    batch_results = inst.embed_batch(inputs=valid_inputs, pooling_strategy=pooling_strategy, **kwargs)
                    ^^^^^^^^^^^^^^^^^^^^^^^^^^^^^^^^^^^^^^^^^^^^^^^^^^^^^^^^^^^^^^^^^^^^^^^^^^^^^^^^^^
  File "/ictstr01/groups/ml01/workspace/goncalo.pinto/embpy/src/embpy/models/protein_models.py", line 237, in embed_batch
    outputs = self.model(
              ^^^^^^^^^^^
  File "/ictstr01/groups/ml01/workspace/goncalo.pinto/embpy/.pixi/envs/gpu/lib/python3.12/site-packages/torch/nn/modules/module.py", line 1736, in _wrapped_call_impl
    return self._call_impl(*args, **kwargs)
           ^^^^^^^^^^^^^^^^^^^^^^^^^^^^^^^^
  File "/ictstr01/groups/ml01/workspace/goncalo.pinto/embpy/.pixi/envs/gpu/lib/python3.12/site-packages/torch/nn/modules/module.py", line 1747, in _call_impl
    return forward_call(*args, **kwargs)
           ^^^^^^^^^^^^^^^^^^^^^^^^^^^^^
  File "/ictstr01/groups/ml01/workspace/goncalo.pinto/embpy/.pixi/envs/gpu/lib/python3.12/site-packages/transformers/models/esm/modeling_esm.py", line 907, in forward
    encoder_outputs = self.encoder(
                      ^^^^^^^^^^^^^
  File "/ictstr01/groups/ml01/workspace/goncalo.pinto/embpy/.pixi/envs/gpu/lib/python3.12/site-packages/torch/nn/modules/module.py", line 1736, in _wrapped_call_impl
    return self._call_impl(*args, **kwargs)
           ^^^^^^^^^^^^^^^^^^^^^^^^^^^^^^^^
  File "/ictstr01/groups/ml01/workspace/goncalo.pinto/embpy/.pixi/envs/gpu/lib/python3.12/site-packages/torch/nn/modules/module.py", line 1747, in _call_impl
    return forward_call(*args, **kwargs)
           ^^^^^^^^^^^^^^^^^^^^^^^^^^^^^
  File "/ictstr01/groups/ml01/workspace/goncalo.pinto/embpy/.pixi/envs/gpu/lib/python3.12/site-packages/transformers/models/esm/modeling_esm.py", line 612, in forward
    layer_outputs = layer_module(
                    ^^^^^^^^^^^^^
  File "/ictstr01/groups/ml01/workspace/goncalo.pinto/embpy/.pixi/envs/gpu/lib/python3.12/site-packages/torch/nn/modules/module.py", line 1736, in _wrapped_call_impl
    return self._call_impl(*args, **kwargs)
           ^^^^^^^^^^^^^^^^^^^^^^^^^^^^^^^^
  File "/ictstr01/groups/ml01/workspace/goncalo.pinto/embpy/.pixi/envs/gpu/lib/python3.12/site-packages/torch/nn/modules/module.py", line 1747, in _call_impl
    return forward_call(*args, **kwargs)
           ^^^^^^^^^^^^^^^^^^^^^^^^^^^^^
  File "/ictstr01/groups/ml01/workspace/goncalo.pinto/embpy/.pixi/envs/gpu/lib/python3.12/site-packages/transformers/models/esm/modeling_esm.py", line 502, in forward
    self_attention_outputs = self.attention(
                             ^^^^^^^^^^^^^^^
  File "/ictstr01/groups/ml01/workspace/goncalo.pinto/embpy/.pixi/envs/gpu/lib/python3.12/site-packages/torch/nn/modules/module.py", line 1736, in _wrapped_call_impl
    return self._call_impl(*args, **kwargs)
           ^^^^^^^^^^^^^^^^^^^^^^^^^^^^^^^^
  File "/ictstr01/groups/ml01/workspace/goncalo.pinto/embpy/.pixi/envs/gpu/lib/python3.12/site-packages/torch/nn/modules/module.py", line 1747, in _call_impl
    return forward_call(*args, **kwargs)
           ^^^^^^^^^^^^^^^^^^^^^^^^^^^^^
  File "/ictstr01/groups/ml01/workspace/goncalo.pinto/embpy/.pixi/envs/gpu/lib/python3.12/site-packages/transformers/models/esm/modeling_esm.py", line 436, in forward
    self_outputs = self.self(
                   ^^^^^^^^^^
  File "/ictstr01/groups/ml01/workspace/goncalo.pinto/embpy/.pixi/envs/gpu/lib/python3.12/site-packages/torch/nn/modules/module.py", line 1736, in _wrapped_call_impl
    return self._call_impl(*args, **kwargs)
           ^^^^^^^^^^^^^^^^^^^^^^^^^^^^^^^^
  File "/ictstr01/groups/ml01/workspace/goncalo.pinto/embpy/.pixi/envs/gpu/lib/python3.12/site-packages/torch/nn/modules/module.py", line 1747, in _call_impl
    return forward_call(*args, **kwargs)
           ^^^^^^^^^^^^^^^^^^^^^^^^^^^^^
  File "/ictstr01/groups/ml01/workspace/goncalo.pinto/embpy/.pixi/envs/gpu/lib/python3.12/site-packages/transformers/models/esm/modeling_esm.py", line 373, in forward
    context_layer = torch.matmul(attention_probs.to(value_layer.dtype), value_layer)
                    ^^^^^^^^^^^^^^^^^^^^^^^^^^^^^^^^^^^^^^^^^^^^^^^^^^^^^^^^^^^^^^^^
torch.OutOfMemoryError: CUDA out of memory. Tried to allocate 420.00 MiB. GPU 0 has a total capacity of 31.73 GiB of which 149.00 MiB is free. Including non-PyTorch memory, this process has 31.58 GiB memory in use. Of the allocated memory 30.81 GiB is allocated by PyTorch, and 417.67 MiB is reserved by PyTorch but unallocated. If reserved but unallocated memory is large try setting PYTORCH_CUDA_ALLOC_CONF=expandable_segments:True to avoid fragmentation.  See documentation for Memory Management  (https://pytorch.org/docs/stable/notes/cuda.html#environment-variables)
Traceback (most recent call last):
  File "<frozen runpy>", line 198, in _run_module_as_main
  File "<frozen runpy>", line 88, in _run_code
  File "/ictstr01/groups/ml01/workspace/goncalo.pinto/embpy/src/world_model/world_model/scripts/embed_perturbations.py", line 267, in <module>
    sys.exit(main())
             ^^^^^^
  File "/ictstr01/groups/ml01/workspace/goncalo.pinto/embpy/src/world_model/world_model/scripts/embed_perturbations.py", line 187, in main
    embeddings, statuses = provider.embed_with_status(perturbation_labels)
                           ^^^^^^^^^^^^^^^^^^^^^^^^^^^^^^^^^^^^^^^^^^^^^^^
  File "/ictstr01/groups/ml01/workspace/goncalo.pinto/embpy/src/world_model/world_model/data/embeddings/bio_embedder.py", line 191, in embed_with_status
    raise ValueError(
ValueError: BioEmbedder returned no embeddings for any of 2393 symbols. Check model_name='esm2_3B', organism='human', resolver_backend='api'. If your dataset is mostly controls, set action_embedding.fail_on_unresolved=False and verify the output of embed_perturbations.py.
