 WARN Encountered 2 warnings while parsing the manifest:
  ⚠ The feature 'state' is defined but not used in any environment.
  │ Dependencies of unused features are not resolved or checked, and use
  │ wildcard (*) version specifiers by default, disregarding any set `pinning-
  │ strategy`
     ╭─[/ictstr01/groups/ml01/workspace/goncalo.pinto/embpy/pixi.toml:386:10]
 385 │ # ---------------------------------------------------------------------------
 386 │ [feature.state]
     ·          ─────
 387 │ platforms = ["linux-64"]
     ╰────
  help: Remove the feature from the manifest or add it to an environment

  ⚠ The feature 'stack' is defined but not used in any environment.
  │ Dependencies of unused features are not resolved or checked, and use
  │ wildcard (*) version specifiers by default, disregarding any set `pinning-
  │ strategy`
     ╭─[/ictstr01/groups/ml01/workspace/goncalo.pinto/embpy/pixi.toml:402:10]
 401 │ 
 402 │ [feature.stack]
     ·          ─────
 403 │ platforms = ["linux-64"]
     ╰────
  help: Remove the feature from the manifest or add it to an environment

[2026-05-18 17:27:28,660] INFO __main__: Found 2057 unique non-control perturbation labels in data/datasets/replogle/replogle_2022_k562_essential.h5ad (filtered out 10691 control cells).
[2026-05-18 17:27:28,676] INFO world_model.data.embeddings.bio_embedder: BioEmbedderProvider cache hit 0/2057 unique gene symbols (model=gena_lm_bert_large)
[2026-05-18 17:28:41,103] INFO root: CUDA device found, using GPU.
[2026-05-18 17:28:41,104] INFO root: GeneResolver initialized for human (Release 109).
[2026-05-18 17:28:41,412] INFO root: Checking if Ensembl data needs downloading/indexing...
[2026-05-18 17:28:42,127] INFO pyensembl.sequence_data: Loaded sequence dictionary from /home/icb/goncalo.pinto/.cache/pyensembl/GRCh38/ensembl109/Homo_sapiens.GRCh38.cdna.all.fa.gz.pickle
[2026-05-18 17:28:42,314] INFO pyensembl.sequence_data: Loaded sequence dictionary from /home/icb/goncalo.pinto/.cache/pyensembl/GRCh38/ensembl109/Homo_sapiens.GRCh38.ncrna.fa.gz.pickle
[2026-05-18 17:28:42,476] INFO pyensembl.sequence_data: Loaded sequence dictionary from /home/icb/goncalo.pinto/.cache/pyensembl/GRCh38/ensembl109/Homo_sapiens.GRCh38.pep.all.fa.gz.pickle
[2026-05-18 17:28:42,477] INFO root: pyensembl data is ready.
[2026-05-18 17:28:42,477] INFO root: BioEmbedder initialized: device=cuda, organism=human, backend=api
[2026-05-18 17:28:42,477] INFO root: Loading registered model 'gena_lm_bert_large' onto device 'cuda'...
[2026-05-18 17:28:42,477] INFO root: Loading GENA-LM 'AIRI-Institute/gena-lm-bert-large-t2t' …
[2026-05-18 17:28:50,541] INFO root: GENA-LM 'AIRI-Institute/gena-lm-bert-large-t2t' loaded on cuda.
[2026-05-18 17:28:50,541] INFO root: Model 'gena_lm_bert_large' loaded successfully.
[2026-05-18 17:28:50,542] INFO root: Batch: 2057 items for 'gena_lm_bert_large' (dna)...
[2026-05-18 17:30:50,301] ERROR root: Error fetching DNA sequence from Ensembl for 'C14orf178': 400 Client Error: Bad Request for url: https://rest.ensembl.org/lookup/symbol/human/C14orf178?expand=1
[2026-05-18 17:30:50,302] WARNING root: No data for C14orf178; skipping.
[2026-05-18 17:30:53,603] ERROR root: Error fetching DNA sequence from Ensembl for 'C1orf109': 400 Client Error: Bad Request for url: https://rest.ensembl.org/lookup/symbol/human/C1orf109?expand=1
[2026-05-18 17:30:53,604] WARNING root: No data for C1orf109; skipping.
[2026-05-18 17:30:54,647] ERROR root: Error fetching DNA sequence from Ensembl for 'C7orf50': 400 Client Error: Bad Request for url: https://rest.ensembl.org/lookup/symbol/human/C7orf50?expand=1
[2026-05-18 17:30:54,648] WARNING root: No data for C7orf50; skipping.
[2026-05-18 17:31:04,441] ERROR root: Error fetching DNA sequence from Ensembl for 'CCDC115': 400 Client Error: Bad Request for url: https://rest.ensembl.org/lookup/symbol/human/CCDC115?expand=1
[2026-05-18 17:31:04,442] WARNING root: No data for CCDC115; skipping.
[2026-05-18 17:31:39,425] ERROR root: Error fetching DNA sequence from Ensembl for 'CENPJ': 400 Client Error: Bad Request for url: https://rest.ensembl.org/lookup/symbol/human/CENPJ?expand=1
[2026-05-18 17:31:39,425] WARNING root: No data for CENPJ; skipping.
[2026-05-18 17:35:50,037] ERROR root: Error fetching DNA sequence from Ensembl for 'FAM207A': 400 Client Error: Bad Request for url: https://rest.ensembl.org/lookup/symbol/human/LOC108281151?expand=1
[2026-05-18 17:35:50,053] WARNING root: No data for FAM207A; skipping.
[2026-05-18 17:39:47,367] ERROR root: Error fetching DNA sequence from Ensembl for 'MARS': 400 Client Error: Bad Request for url: https://rest.ensembl.org/lookup/symbol/human/LOC106560211?expand=1
[2026-05-18 17:39:47,408] WARNING root: No data for MARS; skipping.
[2026-05-18 17:41:19,315] ERROR root: Error fetching DNA sequence from Ensembl for 'MTRNR2L1': 400 Client Error: Bad Request for url: https://rest.ensembl.org/lookup/symbol/human/MTRNR2L1?expand=1
[2026-05-18 17:41:19,316] WARNING root: No data for MTRNR2L1; skipping.
[2026-05-18 17:41:24,485] ERROR root: Error fetching DNA sequence from Ensembl for 'N6AMT1': 400 Client Error: Bad Request for url: https://rest.ensembl.org/lookup/symbol/human/N6AMT1?expand=1
[2026-05-18 17:41:24,485] WARNING root: No data for N6AMT1; skipping.
[2026-05-18 17:44:10,320] ERROR root: Error fetching DNA sequence from Ensembl for 'PHB': 400 Client Error: Bad Request for url: https://rest.ensembl.org/lookup/symbol/human/LOC116276472?expand=1
[2026-05-18 17:44:10,322] WARNING root: No data for PHB; skipping.
[2026-05-18 17:45:32,538] ERROR root: Error fetching DNA sequence from Ensembl for 'PRPF4B': 400 Client Error: Bad Request for url: https://rest.ensembl.org/lookup/symbol/human/PRPF4B?expand=1
[2026-05-18 17:45:32,539] WARNING root: No data for PRPF4B; skipping.
[2026-05-18 17:49:59,041] ERROR root: Error fetching DNA sequence from Ensembl for 'SPATA5': 400 Client Error: Bad Request for url: https://rest.ensembl.org/lookup/symbol/human/SPATA5?expand=1
[2026-05-18 17:49:59,043] WARNING root: No data for SPATA5; skipping.
[2026-05-18 17:49:59,177] ERROR root: Error fetching DNA sequence from Ensembl for 'SPATA5L1': 400 Client Error: Bad Request for url: https://rest.ensembl.org/lookup/symbol/human/SPATA5L1?expand=1
[2026-05-18 17:49:59,177] WARNING root: No data for SPATA5L1; skipping.
[2026-05-18 17:51:00,910] ERROR root: Error fetching DNA sequence from Ensembl for 'TDGF1': 400 Client Error: Bad Request for url: https://rest.ensembl.org/lookup/symbol/human/TDGF1?expand=1
[2026-05-18 17:51:00,911] WARNING root: No data for TDGF1; skipping.
[2026-05-18 17:51:27,053] ERROR root: Error fetching DNA sequence from Ensembl for 'TMEM199': 400 Client Error: Bad Request for url: https://rest.ensembl.org/lookup/symbol/human/TMEM199?expand=1
[2026-05-18 17:51:27,054] WARNING root: No data for TMEM199; skipping.
[2026-05-18 17:54:17,848] ERROR root: Error fetching DNA sequence from Ensembl for 'ZNF720': 400 Client Error: Bad Request for url: https://rest.ensembl.org/lookup/symbol/human/KRABD5?expand=1
[2026-05-18 17:54:17,849] WARNING root: No data for ZNF720; skipping.
Asking to truncate to max_length but no maximum length is provided and the model has no predefined maximum length. Default to no truncation.
[2026-05-18 17:54:23,930] ERROR root: Batch embed failed: The expanded size of the tensor (16596) must match the existing size (512) at non-singleton dimension 1.  Target sizes: [16, 16596].  Tensor sizes: [1, 512]
Traceback (most recent call last):
  File "/ictstr01/groups/ml01/workspace/goncalo.pinto/embpy/src/embpy/embedder.py", line 888, in embed_genes_batch
    batch_results = inst.embed_batch(inputs=valid_inputs, pooling_strategy=pooling_strategy, **kwargs)
                    ^^^^^^^^^^^^^^^^^^^^^^^^^^^^^^^^^^^^^^^^^^^^^^^^^^^^^^^^^^^^^^^^^^^^^^^^^^^^^^^^^^
  File "/ictstr01/groups/ml01/workspace/goncalo.pinto/embpy/src/embpy/models/dna_models.py", line 1555, in embed_batch
    return _hf_batched_embed(
           ^^^^^^^^^^^^^^^^^^
  File "/ictstr01/groups/ml01/workspace/goncalo.pinto/embpy/src/embpy/models/dna_models.py", line 106, in _hf_batched_embed
    out = model(
          ^^^^^^
  File "/ictstr01/groups/ml01/workspace/goncalo.pinto/embpy/.pixi/envs/gpu/lib/python3.12/site-packages/torch/nn/modules/module.py", line 1736, in _wrapped_call_impl
    return self._call_impl(*args, **kwargs)
           ^^^^^^^^^^^^^^^^^^^^^^^^^^^^^^^^
  File "/ictstr01/groups/ml01/workspace/goncalo.pinto/embpy/.pixi/envs/gpu/lib/python3.12/site-packages/torch/nn/modules/module.py", line 1747, in _call_impl
    return forward_call(*args, **kwargs)
           ^^^^^^^^^^^^^^^^^^^^^^^^^^^^^
  File "/home/icb/goncalo.pinto/.cache/huggingface/modules/transformers_modules/AIRI-Institute/gena-lm-bert-large-t2t/f997a8a7c1ba5feb6d11de46354a41c51ffe9660/modeling_bert.py", line 1620, in forward
    outputs = self.bert(
              ^^^^^^^^^^
  File "/ictstr01/groups/ml01/workspace/goncalo.pinto/embpy/.pixi/envs/gpu/lib/python3.12/site-packages/torch/nn/modules/module.py", line 1736, in _wrapped_call_impl
    return self._call_impl(*args, **kwargs)
           ^^^^^^^^^^^^^^^^^^^^^^^^^^^^^^^^
  File "/ictstr01/groups/ml01/workspace/goncalo.pinto/embpy/.pixi/envs/gpu/lib/python3.12/site-packages/torch/nn/modules/module.py", line 1747, in _call_impl
    return forward_call(*args, **kwargs)
           ^^^^^^^^^^^^^^^^^^^^^^^^^^^^^
  File "/home/icb/goncalo.pinto/.cache/huggingface/modules/transformers_modules/AIRI-Institute/gena-lm-bert-large-t2t/f997a8a7c1ba5feb6d11de46354a41c51ffe9660/modeling_bert.py", line 1235, in forward
    buffered_token_type_ids_expanded = buffered_token_type_ids.expand(batch_size, seq_length)
                                       ^^^^^^^^^^^^^^^^^^^^^^^^^^^^^^^^^^^^^^^^^^^^^^^^^^^^^^
RuntimeError: The expanded size of the tensor (16596) must match the existing size (512) at non-singleton dimension 1.  Target sizes: [16, 16596].  Tensor sizes: [1, 512]
Traceback (most recent call last):
  File "<frozen runpy>", line 198, in _run_module_as_main
  File "<frozen runpy>", line 88, in _run_code
  File "/ictstr01/groups/ml01/workspace/goncalo.pinto/embpy/src/world_model/world_model/scripts/embed_perturbations.py", line 267, in <module>
    sys.exit(main())
             ^^^^^^
  File "/ictstr01/groups/ml01/workspace/goncalo.pinto/embpy/src/world_model/world_model/scripts/embed_perturbations.py", line 187, in main
    embeddings, statuses = provider.embed_with_status(perturbation_labels)
                           ^^^^^^^^^^^^^^^^^^^^^^^^^^^^^^^^^^^^^^^^^^^^^^^
  File "/ictstr01/groups/ml01/workspace/goncalo.pinto/embpy/src/world_model/world_model/data/embeddings/bio_embedder.py", line 191, in embed_with_status
    raise ValueError(
ValueError: BioEmbedder returned no embeddings for any of 2057 symbols. Check model_name='gena_lm_bert_large', organism='human', resolver_backend='api'. If your dataset is mostly controls, set action_embedding.fail_on_unresolved=False and verify the output of embed_perturbations.py.
