 WARN Encountered 2 warnings while parsing the manifest:
  ⚠ The feature 'state' is defined but not used in any environment.
  │ Dependencies of unused features are not resolved or checked, and use
  │ wildcard (*) version specifiers by default, disregarding any set `pinning-
  │ strategy`
     ╭─[/ictstr01/groups/ml01/workspace/goncalo.pinto/embpy/pixi.toml:386:10]
 385 │ # ---------------------------------------------------------------------------
 386 │ [feature.state]
     ·          ─────
 387 │ platforms = ["linux-64"]
     ╰────
  help: Remove the feature from the manifest or add it to an environment

  ⚠ The feature 'stack' is defined but not used in any environment.
  │ Dependencies of unused features are not resolved or checked, and use
  │ wildcard (*) version specifiers by default, disregarding any set `pinning-
  │ strategy`
     ╭─[/ictstr01/groups/ml01/workspace/goncalo.pinto/embpy/pixi.toml:402:10]
 401 │ 
 402 │ [feature.stack]
     ·          ─────
 403 │ platforms = ["linux-64"]
     ╰────
  help: Remove the feature from the manifest or add it to an environment

[2026-05-18 17:56:58,552] INFO __main__: Found 2057 unique non-control perturbation labels in data/datasets/replogle/replogle_2022_k562_essential.h5ad (filtered out 10691 control cells).
[2026-05-18 17:56:58,577] INFO world_model.data.embeddings.bio_embedder: BioEmbedderProvider cache hit 0/2057 unique gene symbols (model=hyenadna_large_1m)
[2026-05-18 17:57:40,065] INFO root: CUDA device found, using GPU.
[2026-05-18 17:57:40,065] INFO root: GeneResolver initialized for human (Release 109).
[2026-05-18 17:57:40,167] INFO root: Checking if Ensembl data needs downloading/indexing...
[2026-05-18 17:57:41,112] INFO pyensembl.sequence_data: Loaded sequence dictionary from /home/icb/goncalo.pinto/.cache/pyensembl/GRCh38/ensembl109/Homo_sapiens.GRCh38.cdna.all.fa.gz.pickle
[2026-05-18 17:57:41,358] INFO pyensembl.sequence_data: Loaded sequence dictionary from /home/icb/goncalo.pinto/.cache/pyensembl/GRCh38/ensembl109/Homo_sapiens.GRCh38.ncrna.fa.gz.pickle
[2026-05-18 17:57:41,574] INFO pyensembl.sequence_data: Loaded sequence dictionary from /home/icb/goncalo.pinto/.cache/pyensembl/GRCh38/ensembl109/Homo_sapiens.GRCh38.pep.all.fa.gz.pickle
[2026-05-18 17:57:41,575] INFO root: pyensembl data is ready.
[2026-05-18 17:57:41,576] INFO root: BioEmbedder initialized: device=cuda, organism=human, backend=api
[2026-05-18 17:57:41,576] INFO root: Loading registered model 'hyenadna_large_1m' onto device 'cuda'...
[2026-05-18 17:57:41,576] INFO root: Loading HyenaDNA 'LongSafari/hyenadna-large-1m-seqlen-hf' …
[2026-05-18 17:57:44,625] INFO root: HyenaDNA 'LongSafari/hyenadna-large-1m-seqlen-hf' loaded on cuda.
[2026-05-18 17:57:44,625] INFO root: Model 'hyenadna_large_1m' loaded successfully.
[2026-05-18 17:57:44,626] INFO root: Batch: 2057 items for 'hyenadna_large_1m' (dna)...
[2026-05-18 17:59:30,750] ERROR root: Error fetching DNA sequence from Ensembl for 'C14orf178': 400 Client Error: Bad Request for url: https://rest.ensembl.org/lookup/symbol/human/C14orf178?expand=1
[2026-05-18 17:59:30,751] WARNING root: No data for C14orf178; skipping.
[2026-05-18 17:59:34,381] ERROR root: Error fetching DNA sequence from Ensembl for 'C1orf109': 400 Client Error: Bad Request for url: https://rest.ensembl.org/lookup/symbol/human/C1orf109?expand=1
[2026-05-18 17:59:34,382] WARNING root: No data for C1orf109; skipping.
[2026-05-18 17:59:35,493] ERROR root: Error fetching DNA sequence from Ensembl for 'C7orf50': 400 Client Error: Bad Request for url: https://rest.ensembl.org/lookup/symbol/human/C7orf50?expand=1
[2026-05-18 17:59:35,494] WARNING root: No data for C7orf50; skipping.
[2026-05-18 17:59:46,891] ERROR root: Error fetching DNA sequence from Ensembl for 'CCDC115': 400 Client Error: Bad Request for url: https://rest.ensembl.org/lookup/symbol/human/CCDC115?expand=1
[2026-05-18 17:59:46,891] WARNING root: No data for CCDC115; skipping.
[2026-05-18 18:00:24,353] ERROR root: Error fetching DNA sequence from Ensembl for 'CENPJ': 400 Client Error: Bad Request for url: https://rest.ensembl.org/lookup/symbol/human/CENPJ?expand=1
[2026-05-18 18:00:24,355] WARNING root: No data for CENPJ; skipping.
[2026-05-18 18:04:50,766] ERROR root: Error fetching DNA sequence from Ensembl for 'FAM207A': 400 Client Error: Bad Request for url: https://rest.ensembl.org/lookup/symbol/human/LOC108281151?expand=1
[2026-05-18 18:04:50,767] WARNING root: No data for FAM207A; skipping.
[2026-05-18 18:08:43,460] ERROR root: Error fetching DNA sequence from Ensembl for 'MARS': 400 Client Error: Bad Request for url: https://rest.ensembl.org/lookup/symbol/human/LOC106560211?expand=1
[2026-05-18 18:08:43,462] WARNING root: No data for MARS; skipping.
[2026-05-18 18:10:17,090] ERROR root: Error fetching DNA sequence from Ensembl for 'MTRNR2L1': 400 Client Error: Bad Request for url: https://rest.ensembl.org/lookup/symbol/human/MTRNR2L1?expand=1
[2026-05-18 18:10:17,091] WARNING root: No data for MTRNR2L1; skipping.
[2026-05-18 18:10:24,152] ERROR root: Error fetching DNA sequence from Ensembl for 'N6AMT1': 400 Client Error: Bad Request for url: https://rest.ensembl.org/lookup/symbol/human/N6AMT1?expand=1
[2026-05-18 18:10:24,153] WARNING root: No data for N6AMT1; skipping.
[2026-05-18 18:13:24,203] ERROR root: Error fetching DNA sequence from Ensembl for 'PHB': 400 Client Error: Bad Request for url: https://rest.ensembl.org/lookup/symbol/human/LOC116276472?expand=1
[2026-05-18 18:13:24,205] WARNING root: No data for PHB; skipping.
[2026-05-18 18:14:56,601] ERROR root: Error fetching DNA sequence from Ensembl for 'PRPF4B': 400 Client Error: Bad Request for url: https://rest.ensembl.org/lookup/symbol/human/PRPF4B?expand=1
[2026-05-18 18:14:56,603] WARNING root: No data for PRPF4B; skipping.
[2026-05-18 18:20:23,129] ERROR root: Error fetching DNA sequence from Ensembl for 'SPATA5': 400 Client Error: Bad Request for url: https://rest.ensembl.org/lookup/symbol/human/SPATA5?expand=1
[2026-05-18 18:20:23,142] WARNING root: No data for SPATA5; skipping.
[2026-05-18 18:20:23,274] ERROR root: Error fetching DNA sequence from Ensembl for 'SPATA5L1': 400 Client Error: Bad Request for url: https://rest.ensembl.org/lookup/symbol/human/SPATA5L1?expand=1
[2026-05-18 18:20:23,274] WARNING root: No data for SPATA5L1; skipping.
[2026-05-18 18:21:36,933] ERROR root: Error fetching DNA sequence from Ensembl for 'TDGF1': 400 Client Error: Bad Request for url: https://rest.ensembl.org/lookup/symbol/human/TDGF1?expand=1
[2026-05-18 18:21:36,934] WARNING root: No data for TDGF1; skipping.
[2026-05-18 18:22:03,842] ERROR root: Error fetching DNA sequence from Ensembl for 'TMEM199': 400 Client Error: Bad Request for url: https://rest.ensembl.org/lookup/symbol/human/TMEM199?expand=1
[2026-05-18 18:22:03,843] WARNING root: No data for TMEM199; skipping.
[2026-05-18 18:25:47,872] ERROR root: Error fetching DNA sequence from Ensembl for 'ZNF720': 400 Client Error: Bad Request for url: https://rest.ensembl.org/lookup/symbol/human/KRABD5?expand=1
[2026-05-18 18:25:47,885] WARNING root: No data for ZNF720; skipping.
[2026-05-18 18:25:53,371] ERROR root: Batch embed failed: HyenaDNAForCausalLM.forward() got an unexpected keyword argument 'attention_mask'
Traceback (most recent call last):
  File "/ictstr01/groups/ml01/workspace/goncalo.pinto/embpy/src/embpy/embedder.py", line 888, in embed_genes_batch
    batch_results = inst.embed_batch(inputs=valid_inputs, pooling_strategy=pooling_strategy, **kwargs)
                    ^^^^^^^^^^^^^^^^^^^^^^^^^^^^^^^^^^^^^^^^^^^^^^^^^^^^^^^^^^^^^^^^^^^^^^^^^^^^^^^^^^
  File "/ictstr01/groups/ml01/workspace/goncalo.pinto/embpy/src/embpy/models/dna_models.py", line 1951, in embed_batch
    return _hf_batched_embed(
           ^^^^^^^^^^^^^^^^^^
  File "/ictstr01/groups/ml01/workspace/goncalo.pinto/embpy/src/embpy/models/dna_models.py", line 106, in _hf_batched_embed
    out = model(
          ^^^^^^
  File "/ictstr01/groups/ml01/workspace/goncalo.pinto/embpy/.pixi/envs/gpu/lib/python3.12/site-packages/torch/nn/modules/module.py", line 1736, in _wrapped_call_impl
    return self._call_impl(*args, **kwargs)
           ^^^^^^^^^^^^^^^^^^^^^^^^^^^^^^^^
  File "/ictstr01/groups/ml01/workspace/goncalo.pinto/embpy/.pixi/envs/gpu/lib/python3.12/site-packages/torch/nn/modules/module.py", line 1747, in _call_impl
    return forward_call(*args, **kwargs)
           ^^^^^^^^^^^^^^^^^^^^^^^^^^^^^
TypeError: HyenaDNAForCausalLM.forward() got an unexpected keyword argument 'attention_mask'
Traceback (most recent call last):
  File "<frozen runpy>", line 198, in _run_module_as_main
  File "<frozen runpy>", line 88, in _run_code
  File "/ictstr01/groups/ml01/workspace/goncalo.pinto/embpy/src/world_model/world_model/scripts/embed_perturbations.py", line 267, in <module>
    sys.exit(main())
             ^^^^^^
  File "/ictstr01/groups/ml01/workspace/goncalo.pinto/embpy/src/world_model/world_model/scripts/embed_perturbations.py", line 187, in main
    embeddings, statuses = provider.embed_with_status(perturbation_labels)
                           ^^^^^^^^^^^^^^^^^^^^^^^^^^^^^^^^^^^^^^^^^^^^^^^
  File "/ictstr01/groups/ml01/workspace/goncalo.pinto/embpy/src/world_model/world_model/data/embeddings/bio_embedder.py", line 191, in embed_with_status
    raise ValueError(
ValueError: BioEmbedder returned no embeddings for any of 2057 symbols. Check model_name='hyenadna_large_1m', organism='human', resolver_backend='api'. If your dataset is mostly controls, set action_embedding.fail_on_unresolved=False and verify the output of embed_perturbations.py.
