 WARN Encountered 2 warnings while parsing the manifest:
  ⚠ The feature 'state' is defined but not used in any environment.
  │ Dependencies of unused features are not resolved or checked, and use
  │ wildcard (*) version specifiers by default, disregarding any set `pinning-
  │ strategy`
     ╭─[/ictstr01/groups/ml01/workspace/goncalo.pinto/embpy/pixi.toml:386:10]
 385 │ # ---------------------------------------------------------------------------
 386 │ [feature.state]
     ·          ─────
 387 │ platforms = ["linux-64"]
     ╰────
  help: Remove the feature from the manifest or add it to an environment

  ⚠ The feature 'stack' is defined but not used in any environment.
  │ Dependencies of unused features are not resolved or checked, and use
  │ wildcard (*) version specifiers by default, disregarding any set `pinning-
  │ strategy`
     ╭─[/ictstr01/groups/ml01/workspace/goncalo.pinto/embpy/pixi.toml:402:10]
 401 │ 
 402 │ [feature.stack]
     ·          ─────
 403 │ platforms = ["linux-64"]
     ╰────
  help: Remove the feature from the manifest or add it to an environment

[2026-05-18 16:45:43,807] INFO __main__: Found 2393 unique non-control perturbation labels in data/datasets/nadig/NadigOConner2024_jurkat.h5ad (filtered out 12013 control cells).
[2026-05-18 16:45:44,040] INFO world_model.data.embeddings.bio_embedder: BioEmbedderProvider cache hit 0/2393 unique gene symbols (model=enformer_human_rough)
[2026-05-18 16:47:04,486] INFO root: CUDA device found, using GPU.
[2026-05-18 16:47:04,488] INFO root: GeneResolver initialized for human (Release 109).
[2026-05-18 16:47:05,678] INFO root: Checking if Ensembl data needs downloading/indexing...
[2026-05-18 16:47:06,890] INFO pyensembl.sequence_data: Loaded sequence dictionary from /home/icb/goncalo.pinto/.cache/pyensembl/GRCh38/ensembl109/Homo_sapiens.GRCh38.cdna.all.fa.gz.pickle
[2026-05-18 16:47:07,053] INFO pyensembl.sequence_data: Loaded sequence dictionary from /home/icb/goncalo.pinto/.cache/pyensembl/GRCh38/ensembl109/Homo_sapiens.GRCh38.ncrna.fa.gz.pickle
[2026-05-18 16:47:07,259] INFO pyensembl.sequence_data: Loaded sequence dictionary from /home/icb/goncalo.pinto/.cache/pyensembl/GRCh38/ensembl109/Homo_sapiens.GRCh38.pep.all.fa.gz.pickle
[2026-05-18 16:47:07,260] INFO root: pyensembl data is ready.
[2026-05-18 16:47:07,260] INFO root: BioEmbedder initialized: device=cuda, organism=human, backend=api
[2026-05-18 16:47:07,466] INFO root: Loading registered model 'enformer_human_rough' onto device 'cuda'...
[2026-05-18 16:47:07,466] INFO root: Loading Enformer model 'EleutherAI/enformer-official-rough' …
[2026-05-18 16:47:15,733] INFO root: Enformer 'EleutherAI/enformer-official-rough' loaded on cuda.
[2026-05-18 16:47:15,734] INFO root: Model 'enformer_human_rough' loaded successfully.
[2026-05-18 16:47:15,734] INFO root: Batch: 2393 items for 'enformer_human_rough' (dna)...
[2026-05-18 16:47:25,344] ERROR root: Error fetching DNA sequence from Ensembl for 'AC118549.1': 400 Client Error: Bad Request for url: https://rest.ensembl.org/lookup/symbol/human/AC118549.1?expand=1
[2026-05-18 16:47:25,344] WARNING root: No data for AC118549.1; skipping.
[2026-05-18 16:49:12,877] ERROR root: Error fetching DNA sequence from Ensembl for 'C14orf178': 400 Client Error: Bad Request for url: https://rest.ensembl.org/lookup/symbol/human/C14orf178?expand=1
[2026-05-18 16:49:12,896] WARNING root: No data for C14orf178; skipping.
[2026-05-18 16:49:19,099] ERROR root: Error fetching DNA sequence from Ensembl for 'C1orf109': 400 Client Error: Bad Request for url: https://rest.ensembl.org/lookup/symbol/human/C1orf109?expand=1
[2026-05-18 16:49:19,099] WARNING root: No data for C1orf109; skipping.
[2026-05-18 16:49:19,220] ERROR root: Error fetching DNA sequence from Ensembl for 'C1orf131': 400 Client Error: Bad Request for url: https://rest.ensembl.org/lookup/symbol/human/C1orf131?expand=1
[2026-05-18 16:49:19,220] WARNING root: No data for C1orf131; skipping.
[2026-05-18 16:49:20,740] ERROR root: Error fetching DNA sequence from Ensembl for 'C7orf50': 400 Client Error: Bad Request for url: https://rest.ensembl.org/lookup/symbol/human/C7orf50?expand=1
[2026-05-18 16:49:20,740] WARNING root: No data for C7orf50; skipping.
[2026-05-18 16:49:34,633] ERROR root: Error fetching DNA sequence from Ensembl for 'CCDC115': 400 Client Error: Bad Request for url: https://rest.ensembl.org/lookup/symbol/human/CCDC115?expand=1
[2026-05-18 16:49:34,634] WARNING root: No data for CCDC115; skipping.
[2026-05-18 16:50:08,175] ERROR root: Error fetching DNA sequence from Ensembl for 'CENPJ': 400 Client Error: Bad Request for url: https://rest.ensembl.org/lookup/symbol/human/CENPJ?expand=1
[2026-05-18 16:50:08,176] WARNING root: No data for CENPJ; skipping.
[2026-05-18 16:54:38,241] ERROR root: Error fetching DNA sequence from Ensembl for 'FAM102B': 400 Client Error: Bad Request for url: https://rest.ensembl.org/lookup/symbol/human/FAM102B?expand=1
[2026-05-18 16:54:38,257] WARNING root: No data for FAM102B; skipping.
[2026-05-18 16:54:39,295] ERROR root: Error fetching DNA sequence from Ensembl for 'FAM207A': 400 Client Error: Bad Request for url: https://rest.ensembl.org/lookup/symbol/human/LOC108281151?expand=1
[2026-05-18 16:54:39,295] WARNING root: No data for FAM207A; skipping.
[2026-05-18 16:59:43,328] ERROR root: Error fetching DNA sequence from Ensembl for 'MARS': 400 Client Error: Bad Request for url: https://rest.ensembl.org/lookup/symbol/human/LOC106560211?expand=1
[2026-05-18 16:59:43,350] WARNING root: No data for MARS; skipping.
[2026-05-18 17:02:03,943] ERROR root: Error fetching DNA sequence from Ensembl for 'MTRNR2L1': 400 Client Error: Bad Request for url: https://rest.ensembl.org/lookup/symbol/human/MTRNR2L1?expand=1
[2026-05-18 17:02:03,945] WARNING root: No data for MTRNR2L1; skipping.
[2026-05-18 17:02:11,946] ERROR root: Error fetching DNA sequence from Ensembl for 'N6AMT1': 400 Client Error: Bad Request for url: https://rest.ensembl.org/lookup/symbol/human/N6AMT1?expand=1
[2026-05-18 17:02:11,947] WARNING root: No data for N6AMT1; skipping.
[2026-05-18 17:06:45,960] ERROR root: Error fetching DNA sequence from Ensembl for 'PHB': 400 Client Error: Bad Request for url: https://rest.ensembl.org/lookup/symbol/human/LOC116276472?expand=1
[2026-05-18 17:06:45,962] WARNING root: No data for PHB; skipping.
[2026-05-18 17:08:41,491] ERROR root: Error fetching DNA sequence from Ensembl for 'PRPF4B': 400 Client Error: Bad Request for url: https://rest.ensembl.org/lookup/symbol/human/PRPF4B?expand=1
[2026-05-18 17:08:41,493] WARNING root: No data for PRPF4B; skipping.
[2026-05-18 17:15:22,110] ERROR root: Error fetching DNA sequence from Ensembl for 'SPATA5': 400 Client Error: Bad Request for url: https://rest.ensembl.org/lookup/symbol/human/SPATA5?expand=1
[2026-05-18 17:15:22,122] WARNING root: No data for SPATA5; skipping.
[2026-05-18 17:15:22,242] ERROR root: Error fetching DNA sequence from Ensembl for 'SPATA5L1': 400 Client Error: Bad Request for url: https://rest.ensembl.org/lookup/symbol/human/SPATA5L1?expand=1
[2026-05-18 17:15:22,242] WARNING root: No data for SPATA5L1; skipping.
[2026-05-18 17:17:00,824] ERROR root: Error fetching DNA sequence from Ensembl for 'TDGF1': 400 Client Error: Bad Request for url: https://rest.ensembl.org/lookup/symbol/human/TDGF1?expand=1
[2026-05-18 17:17:00,825] WARNING root: No data for TDGF1; skipping.
[2026-05-18 17:17:39,710] ERROR root: Error fetching DNA sequence from Ensembl for 'TMEM199': 400 Client Error: Bad Request for url: https://rest.ensembl.org/lookup/symbol/human/TMEM199?expand=1
[2026-05-18 17:17:39,711] WARNING root: No data for TMEM199; skipping.
[2026-05-18 17:21:16,478] ERROR root: Error fetching DNA sequence from Ensembl for 'ZNF720': 400 Client Error: Bad Request for url: https://rest.ensembl.org/lookup/symbol/human/KRABD5?expand=1
[2026-05-18 17:21:16,480] WARNING root: No data for ZNF720; skipping.
[2026-05-18 17:21:24,411] WARNING root: Truncated Enformer indices from 273052→196608 (center‐crop).
[2026-05-18 17:21:24,433] WARNING root: Truncated Enformer indices from 266916→196608 (center‐crop).
[2026-05-18 17:21:24,475] WARNING root: Truncated Enformer indices from 222943→196608 (center‐crop).
[2026-05-18 17:21:24,588] WARNING root: Truncated Enformer indices from 548270→196608 (center‐crop).
[2026-05-18 17:21:24,673] WARNING root: Truncated Enformer indices from 373214→196608 (center‐crop).
[2026-05-18 17:21:25,178] WARNING root: Truncated Enformer indices from 669085→196608 (center‐crop).
[2026-05-18 17:21:25,415] WARNING root: Truncated Enformer indices from 231671→196608 (center‐crop).
[2026-05-18 17:21:25,486] WARNING root: Truncated Enformer indices from 294577→196608 (center‐crop).
[2026-05-18 17:21:25,571] WARNING root: Truncated Enformer indices from 297802→196608 (center‐crop).
[2026-05-18 17:21:26,191] WARNING root: Truncated Enformer indices from 275947→196608 (center‐crop).
[2026-05-18 17:21:26,476] WARNING root: Truncated Enformer indices from 328849→196608 (center‐crop).
[2026-05-18 17:21:26,623] WARNING root: Truncated Enformer indices from 255924→196608 (center‐crop).
[2026-05-18 17:21:26,709] WARNING root: Truncated Enformer indices from 280710→196608 (center‐crop).
[2026-05-18 17:21:26,814] WARNING root: Truncated Enformer indices from 280570→196608 (center‐crop).
[2026-05-18 17:21:26,865] WARNING root: Truncated Enformer indices from 224019→196608 (center‐crop).
[2026-05-18 17:21:26,946] WARNING root: Truncated Enformer indices from 208037→196608 (center‐crop).
[2026-05-18 17:21:27,009] WARNING root: Truncated Enformer indices from 814067→196608 (center‐crop).
[2026-05-18 17:21:27,114] WARNING root: Truncated Enformer indices from 568149→196608 (center‐crop).
[2026-05-18 17:21:27,175] WARNING root: Truncated Enformer indices from 215564→196608 (center‐crop).
[2026-05-18 17:21:27,260] WARNING root: Truncated Enformer indices from 213144→196608 (center‐crop).
[2026-05-18 17:21:27,276] WARNING root: Truncated Enformer indices from 203056→196608 (center‐crop).
[2026-05-18 17:21:27,551] WARNING root: Truncated Enformer indices from 273674→196608 (center‐crop).
[2026-05-18 17:21:27,744] WARNING root: Truncated Enformer indices from 225331→196608 (center‐crop).
[2026-05-18 17:21:28,061] WARNING root: Truncated Enformer indices from 213971→196608 (center‐crop).
[2026-05-18 17:21:28,140] WARNING root: Truncated Enformer indices from 226432→196608 (center‐crop).
[2026-05-18 17:21:28,209] WARNING root: Truncated Enformer indices from 350420→196608 (center‐crop).
[2026-05-18 17:21:28,302] WARNING root: Truncated Enformer indices from 239650→196608 (center‐crop).
[2026-05-18 17:21:28,684] WARNING root: Truncated Enformer indices from 221954→196608 (center‐crop).
[2026-05-18 17:21:28,814] WARNING root: Truncated Enformer indices from 226948→196608 (center‐crop).
[2026-05-18 17:21:29,000] WARNING root: Truncated Enformer indices from 235224→196608 (center‐crop).
[2026-05-18 17:21:29,104] WARNING root: Truncated Enformer indices from 216371→196608 (center‐crop).
[2026-05-18 17:21:29,200] WARNING root: Truncated Enformer indices from 354692→196608 (center‐crop).
[2026-05-18 17:21:29,271] WARNING root: Truncated Enformer indices from 289029→196608 (center‐crop).
[2026-05-18 17:21:29,498] WARNING root: Truncated Enformer indices from 394428→196608 (center‐crop).
[2026-05-18 17:21:29,515] WARNING root: Truncated Enformer indices from 211771→196608 (center‐crop).
[2026-05-18 17:21:29,689] WARNING root: Truncated Enformer indices from 287190→196608 (center‐crop).
[2026-05-18 17:21:29,851] WARNING root: Truncated Enformer indices from 300785→196608 (center‐crop).
[2026-05-18 17:21:29,947] WARNING root: Truncated Enformer indices from 276057→196608 (center‐crop).
[2026-05-18 17:21:30,249] WARNING root: Truncated Enformer indices from 197030→196608 (center‐crop).
[2026-05-18 17:21:30,383] WARNING root: Truncated Enformer indices from 218557→196608 (center‐crop).
[2026-05-18 17:21:30,541] WARNING root: Truncated Enformer indices from 303123→196608 (center‐crop).
[2026-05-18 17:21:30,904] WARNING root: Truncated Enformer indices from 332051→196608 (center‐crop).
[2026-05-18 17:21:30,942] WARNING root: Truncated Enformer indices from 508131→196608 (center‐crop).
[2026-05-18 17:21:31,247] WARNING root: Truncated Enformer indices from 344317→196608 (center‐crop).
[2026-05-18 17:21:31,420] WARNING root: Truncated Enformer indices from 228228→196608 (center‐crop).
[2026-05-18 17:21:31,672] WARNING root: Truncated Enformer indices from 353730→196608 (center‐crop).
[2026-05-18 17:21:31,969] WARNING root: Truncated Enformer indices from 421553→196608 (center‐crop).
[2026-05-18 17:21:32,124] WARNING root: Truncated Enformer indices from 202998→196608 (center‐crop).
[2026-05-18 17:21:32,303] WARNING root: Truncated Enformer indices from 228266→196608 (center‐crop).
[2026-05-18 17:21:32,433] WARNING root: Truncated Enformer indices from 353674→196608 (center‐crop).
[2026-05-18 17:21:32,508] WARNING root: Truncated Enformer indices from 254507→196608 (center‐crop).
[2026-05-18 17:21:32,604] WARNING root: Truncated Enformer indices from 196838→196608 (center‐crop).
[2026-05-18 17:21:32,677] WARNING root: Truncated Enformer indices from 243947→196608 (center‐crop).
[2026-05-18 17:21:32,892] WARNING root: Truncated Enformer indices from 223487→196608 (center‐crop).
[2026-05-18 17:21:33,024] WARNING root: Truncated Enformer indices from 462453→196608 (center‐crop).
[2026-05-18 17:21:33,097] WARNING root: Truncated Enformer indices from 204906→196608 (center‐crop).
[2026-05-18 17:21:33,235] WARNING root: Truncated Enformer indices from 198135→196608 (center‐crop).
[2026-05-18 17:21:33,276] WARNING root: Truncated Enformer indices from 242985→196608 (center‐crop).
[2026-05-18 17:21:33,302] WARNING root: Truncated Enformer indices from 219480→196608 (center‐crop).
[2026-05-18 17:21:33,321] WARNING root: Truncated Enformer indices from 248340→196608 (center‐crop).
[2026-05-18 17:21:33,613] WARNING root: Truncated Enformer indices from 217424→196608 (center‐crop).
[2026-05-18 17:21:34,283] WARNING root: Truncated Enformer indices from 282018→196608 (center‐crop).
[2026-05-18 17:21:34,323] WARNING root: Truncated Enformer indices from 209421→196608 (center‐crop).
[2026-05-18 17:21:34,386] WARNING root: Truncated Enformer indices from 297926→196608 (center‐crop).
[2026-05-18 17:21:34,505] WARNING root: Truncated Enformer indices from 378469→196608 (center‐crop).
[2026-05-18 17:21:34,533] WARNING root: Truncated Enformer indices from 374155→196608 (center‐crop).
[2026-05-18 17:21:34,879] WARNING root: Truncated Enformer indices from 467824→196608 (center‐crop).
[2026-05-18 17:21:37,815] ERROR root: Batch embed failed: CUDA out of memory. Tried to allocate 1335.38 GiB. GPU 0 has a total capacity of 79.18 GiB of which 63.67 GiB is free. Including non-PyTorch memory, this process has 15.50 GiB memory in use. Of the allocated memory 14.85 GiB is allocated by PyTorch, and 52.93 MiB is reserved by PyTorch but unallocated. If reserved but unallocated memory is large try setting PYTORCH_CUDA_ALLOC_CONF=expandable_segments:True to avoid fragmentation.  See documentation for Memory Management  (https://pytorch.org/docs/stable/notes/cuda.html#environment-variables)
Traceback (most recent call last):
  File "/ictstr01/groups/ml01/workspace/goncalo.pinto/embpy/src/embpy/embedder.py", line 888, in embed_genes_batch
    batch_results = inst.embed_batch(inputs=valid_inputs, pooling_strategy=pooling_strategy, **kwargs)
                    ^^^^^^^^^^^^^^^^^^^^^^^^^^^^^^^^^^^^^^^^^^^^^^^^^^^^^^^^^^^^^^^^^^^^^^^^^^^^^^^^^^
  File "/ictstr01/groups/ml01/workspace/goncalo.pinto/embpy/src/embpy/models/dna_models.py", line 417, in embed_batch
    out = self.model(batch_tensor, return_embeddings=True)
          ^^^^^^^^^^^^^^^^^^^^^^^^^^^^^^^^^^^^^^^^^^^^^^^^
  File "/ictstr01/groups/ml01/workspace/goncalo.pinto/embpy/.pixi/envs/gpu/lib/python3.12/site-packages/torch/nn/modules/module.py", line 1736, in _wrapped_call_impl
    return self._call_impl(*args, **kwargs)
           ^^^^^^^^^^^^^^^^^^^^^^^^^^^^^^^^
  File "/ictstr01/groups/ml01/workspace/goncalo.pinto/embpy/.pixi/envs/gpu/lib/python3.12/site-packages/torch/nn/modules/module.py", line 1747, in _call_impl
    return forward_call(*args, **kwargs)
           ^^^^^^^^^^^^^^^^^^^^^^^^^^^^^
  File "/ictstr01/groups/ml01/workspace/goncalo.pinto/embpy/.pixi/envs/gpu/lib/python3.12/site-packages/enformer_pytorch/modeling_enformer.py", line 462, in forward
    x = trunk_fn(x)
        ^^^^^^^^^^^
  File "/ictstr01/groups/ml01/workspace/goncalo.pinto/embpy/.pixi/envs/gpu/lib/python3.12/site-packages/torch/nn/modules/module.py", line 1736, in _wrapped_call_impl
    return self._call_impl(*args, **kwargs)
           ^^^^^^^^^^^^^^^^^^^^^^^^^^^^^^^^
  File "/ictstr01/groups/ml01/workspace/goncalo.pinto/embpy/.pixi/envs/gpu/lib/python3.12/site-packages/torch/nn/modules/module.py", line 1747, in _call_impl
    return forward_call(*args, **kwargs)
           ^^^^^^^^^^^^^^^^^^^^^^^^^^^^^
  File "/ictstr01/groups/ml01/workspace/goncalo.pinto/embpy/.pixi/envs/gpu/lib/python3.12/site-packages/torch/nn/modules/container.py", line 250, in forward
    input = module(input)
            ^^^^^^^^^^^^^
  File "/ictstr01/groups/ml01/workspace/goncalo.pinto/embpy/.pixi/envs/gpu/lib/python3.12/site-packages/torch/nn/modules/module.py", line 1736, in _wrapped_call_impl
    return self._call_impl(*args, **kwargs)
           ^^^^^^^^^^^^^^^^^^^^^^^^^^^^^^^^
  File "/ictstr01/groups/ml01/workspace/goncalo.pinto/embpy/.pixi/envs/gpu/lib/python3.12/site-packages/torch/nn/modules/module.py", line 1747, in _call_impl
    return forward_call(*args, **kwargs)
           ^^^^^^^^^^^^^^^^^^^^^^^^^^^^^
  File "/ictstr01/groups/ml01/workspace/goncalo.pinto/embpy/.pixi/envs/gpu/lib/python3.12/site-packages/torch/nn/modules/container.py", line 250, in forward
    input = module(input)
            ^^^^^^^^^^^^^
  File "/ictstr01/groups/ml01/workspace/goncalo.pinto/embpy/.pixi/envs/gpu/lib/python3.12/site-packages/torch/nn/modules/module.py", line 1736, in _wrapped_call_impl
    return self._call_impl(*args, **kwargs)
           ^^^^^^^^^^^^^^^^^^^^^^^^^^^^^^^^
  File "/ictstr01/groups/ml01/workspace/goncalo.pinto/embpy/.pixi/envs/gpu/lib/python3.12/site-packages/torch/nn/modules/module.py", line 1747, in _call_impl
    return forward_call(*args, **kwargs)
           ^^^^^^^^^^^^^^^^^^^^^^^^^^^^^
  File "/ictstr01/groups/ml01/workspace/goncalo.pinto/embpy/.pixi/envs/gpu/lib/python3.12/site-packages/torch/nn/modules/conv.py", line 375, in forward
    return self._conv_forward(input, self.weight, self.bias)
           ^^^^^^^^^^^^^^^^^^^^^^^^^^^^^^^^^^^^^^^^^^^^^^^^^
  File "/ictstr01/groups/ml01/workspace/goncalo.pinto/embpy/.pixi/envs/gpu/lib/python3.12/site-packages/torch/nn/modules/conv.py", line 370, in _conv_forward
    return F.conv1d(
           ^^^^^^^^^
torch.OutOfMemoryError: CUDA out of memory. Tried to allocate 1335.38 GiB. GPU 0 has a total capacity of 79.18 GiB of which 63.67 GiB is free. Including non-PyTorch memory, this process has 15.50 GiB memory in use. Of the allocated memory 14.85 GiB is allocated by PyTorch, and 52.93 MiB is reserved by PyTorch but unallocated. If reserved but unallocated memory is large try setting PYTORCH_CUDA_ALLOC_CONF=expandable_segments:True to avoid fragmentation.  See documentation for Memory Management  (https://pytorch.org/docs/stable/notes/cuda.html#environment-variables)
Traceback (most recent call last):
  File "<frozen runpy>", line 198, in _run_module_as_main
  File "<frozen runpy>", line 88, in _run_code
  File "/ictstr01/groups/ml01/workspace/goncalo.pinto/embpy/src/world_model/world_model/scripts/embed_perturbations.py", line 267, in <module>
    sys.exit(main())
             ^^^^^^
  File "/ictstr01/groups/ml01/workspace/goncalo.pinto/embpy/src/world_model/world_model/scripts/embed_perturbations.py", line 187, in main
    embeddings, statuses = provider.embed_with_status(perturbation_labels)
                           ^^^^^^^^^^^^^^^^^^^^^^^^^^^^^^^^^^^^^^^^^^^^^^^
  File "/ictstr01/groups/ml01/workspace/goncalo.pinto/embpy/src/world_model/world_model/data/embeddings/bio_embedder.py", line 191, in embed_with_status
    raise ValueError(
ValueError: BioEmbedder returned no embeddings for any of 2393 symbols. Check model_name='enformer_human_rough', organism='human', resolver_backend='api'. If your dataset is mostly controls, set action_embedding.fail_on_unresolved=False and verify the output of embed_perturbations.py.
