 WARN Encountered 2 warnings while parsing the manifest:
  ⚠ The feature 'state' is defined but not used in any environment.
  │ Dependencies of unused features are not resolved or checked, and use
  │ wildcard (*) version specifiers by default, disregarding any set `pinning-
  │ strategy`
     ╭─[/ictstr01/groups/ml01/workspace/goncalo.pinto/embpy/pixi.toml:386:10]
 385 │ # ---------------------------------------------------------------------------
 386 │ [feature.state]
     ·          ─────
 387 │ platforms = ["linux-64"]
     ╰────
  help: Remove the feature from the manifest or add it to an environment

  ⚠ The feature 'stack' is defined but not used in any environment.
  │ Dependencies of unused features are not resolved or checked, and use
  │ wildcard (*) version specifiers by default, disregarding any set `pinning-
  │ strategy`
     ╭─[/ictstr01/groups/ml01/workspace/goncalo.pinto/embpy/pixi.toml:402:10]
 401 │ 
 402 │ [feature.stack]
     ·          ─────
 403 │ platforms = ["linux-64"]
     ╰────
  help: Remove the feature from the manifest or add it to an environment

[2026-05-19 15:58:13,832] INFO __main__: Found 2393 unique non-control perturbation labels in data/datasets/nadig/NadigOConner2024_jurkat.h5ad (filtered out 12013 control cells).
[2026-05-19 15:58:14,106] INFO world_model.data.embeddings.bio_embedder: BioEmbedderProvider cache hit 2393/2393 unique gene symbols (model=borzoi_v0)
[2026-05-19 15:58:14,185] INFO __main__: Embedded 2393 / 2393 rows at dim=1536 (RESOLVED=2393, CONTROL=0, UNRESOLVED=0).
[2026-05-19 15:58:14,265] INFO __main__: Wrote embeddings to runs/_cache/action_embeddings/borzoi_v0/full_mean_human.npz
[2026-05-19 15:58:14,332] INFO __main__: Status sidecar -> runs/_cache/action_embeddings/borzoi_v0/full_mean_human.npz.status.json
[2026-05-19 15:58:14,346] INFO world_model.data.datasets.base: Built gene embedding table: 6 rows, dim=1536, missing=0
[2026-05-19 15:58:14,346] INFO __main__: PrecomputedProvider round-trip OK: table shape=(6, 1536), indexer rows=6
