 WARN Encountered 2 warnings while parsing the manifest:
  ⚠ The feature 'state' is defined but not used in any environment.
  │ Dependencies of unused features are not resolved or checked, and use
  │ wildcard (*) version specifiers by default, disregarding any set `pinning-
  │ strategy`
     ╭─[/ictstr01/groups/ml01/workspace/goncalo.pinto/embpy/pixi.toml:386:10]
 385 │ # ---------------------------------------------------------------------------
 386 │ [feature.state]
     ·          ─────
 387 │ platforms = ["linux-64"]
     ╰────
  help: Remove the feature from the manifest or add it to an environment

  ⚠ The feature 'stack' is defined but not used in any environment.
  │ Dependencies of unused features are not resolved or checked, and use
  │ wildcard (*) version specifiers by default, disregarding any set `pinning-
  │ strategy`
     ╭─[/ictstr01/groups/ml01/workspace/goncalo.pinto/embpy/pixi.toml:402:10]
 401 │ 
 402 │ [feature.stack]
     ·          ─────
 403 │ platforms = ["linux-64"]
     ╰────
  help: Remove the feature from the manifest or add it to an environment

[2026-05-18 16:26:33,646] INFO __main__: Found 2057 unique non-control perturbation labels in data/datasets/replogle/replogle_2022_k562_essential.h5ad (filtered out 10691 control cells).
[2026-05-18 16:26:33,661] INFO world_model.data.embeddings.bio_embedder: BioEmbedderProvider cache hit 0/2057 unique gene symbols (model=gena_lm_bigbird_base)
[2026-05-18 16:27:41,492] INFO root: CUDA device found, using GPU.
[2026-05-18 16:27:41,492] INFO root: GeneResolver initialized for human (Release 109).
[2026-05-18 16:27:42,161] INFO root: Checking if Ensembl data needs downloading/indexing...
[2026-05-18 16:27:43,185] INFO pyensembl.sequence_data: Loaded sequence dictionary from /home/icb/goncalo.pinto/.cache/pyensembl/GRCh38/ensembl109/Homo_sapiens.GRCh38.cdna.all.fa.gz.pickle
[2026-05-18 16:27:43,528] INFO pyensembl.sequence_data: Loaded sequence dictionary from /home/icb/goncalo.pinto/.cache/pyensembl/GRCh38/ensembl109/Homo_sapiens.GRCh38.ncrna.fa.gz.pickle
[2026-05-18 16:27:43,788] INFO pyensembl.sequence_data: Loaded sequence dictionary from /home/icb/goncalo.pinto/.cache/pyensembl/GRCh38/ensembl109/Homo_sapiens.GRCh38.pep.all.fa.gz.pickle
[2026-05-18 16:27:43,789] INFO root: pyensembl data is ready.
[2026-05-18 16:27:43,790] INFO root: BioEmbedder initialized: device=cuda, organism=human, backend=api
[2026-05-18 16:27:43,790] INFO root: Loading registered model 'gena_lm_bigbird_base' onto device 'cuda'...
[2026-05-18 16:27:43,790] INFO root: Loading GENA-LM 'AIRI-Institute/gena-lm-bigbird-base-t2t' …
[2026-05-18 16:27:53,641] INFO root: GENA-LM 'AIRI-Institute/gena-lm-bigbird-base-t2t' loaded on cuda.
[2026-05-18 16:27:53,643] INFO root: Model 'gena_lm_bigbird_base' loaded successfully.
[2026-05-18 16:27:53,643] INFO root: Batch: 2057 items for 'gena_lm_bigbird_base' (dna)...
[2026-05-18 16:29:54,086] ERROR root: Error fetching DNA sequence from Ensembl for 'C14orf178': 400 Client Error: Bad Request for url: https://rest.ensembl.org/lookup/symbol/human/C14orf178?expand=1
[2026-05-18 16:29:54,087] WARNING root: No data for C14orf178; skipping.
[2026-05-18 16:30:05,678] ERROR root: Error fetching DNA sequence from Ensembl for 'C1orf109': 400 Client Error: Bad Request for url: https://rest.ensembl.org/lookup/symbol/human/C1orf109?expand=1
[2026-05-18 16:30:05,679] WARNING root: No data for C1orf109; skipping.
[2026-05-18 16:30:06,674] ERROR root: Error fetching DNA sequence from Ensembl for 'C7orf50': 400 Client Error: Bad Request for url: https://rest.ensembl.org/lookup/symbol/human/C7orf50?expand=1
[2026-05-18 16:30:06,674] WARNING root: No data for C7orf50; skipping.
[2026-05-18 16:30:21,783] ERROR root: Error fetching DNA sequence from Ensembl for 'CCDC115': 400 Client Error: Bad Request for url: https://rest.ensembl.org/lookup/symbol/human/CCDC115?expand=1
[2026-05-18 16:30:21,783] WARNING root: No data for CCDC115; skipping.
[2026-05-18 16:31:06,677] ERROR root: Error fetching DNA sequence from Ensembl for 'CENPJ': 400 Client Error: Bad Request for url: https://rest.ensembl.org/lookup/symbol/human/CENPJ?expand=1
[2026-05-18 16:31:06,677] WARNING root: No data for CENPJ; skipping.
[2026-05-18 16:35:35,538] ERROR root: Error fetching DNA sequence from Ensembl for 'FAM207A': 400 Client Error: Bad Request for url: https://rest.ensembl.org/lookup/symbol/human/LOC108281151?expand=1
[2026-05-18 16:35:35,613] WARNING root: No data for FAM207A; skipping.
[2026-05-18T16:38:46.887] error: *** JOB 36480733 ON gpusrv29 CANCELLED AT 2026-05-18T16:38:46 DUE to SIGNAL Terminated ***
