 WARN Encountered 2 warnings while parsing the manifest:
  ⚠ The feature 'state' is defined but not used in any environment.
  │ Dependencies of unused features are not resolved or checked, and use
  │ wildcard (*) version specifiers by default, disregarding any set `pinning-
  │ strategy`
     ╭─[/ictstr01/groups/ml01/workspace/goncalo.pinto/embpy/pixi.toml:386:10]
 385 │ # ---------------------------------------------------------------------------
 386 │ [feature.state]
     ·          ─────
 387 │ platforms = ["linux-64"]
     ╰────
  help: Remove the feature from the manifest or add it to an environment

  ⚠ The feature 'stack' is defined but not used in any environment.
  │ Dependencies of unused features are not resolved or checked, and use
  │ wildcard (*) version specifiers by default, disregarding any set `pinning-
  │ strategy`
     ╭─[/ictstr01/groups/ml01/workspace/goncalo.pinto/embpy/pixi.toml:402:10]
 401 │ 
 402 │ [feature.stack]
     ·          ─────
 403 │ platforms = ["linux-64"]
     ╰────
  help: Remove the feature from the manifest or add it to an environment

[2026-05-18 16:51:16,720] INFO __main__: Found 2057 unique non-control perturbation labels in data/datasets/replogle/replogle_2022_k562_essential.h5ad (filtered out 10691 control cells).
[2026-05-18 16:51:16,745] INFO world_model.data.embeddings.bio_embedder: BioEmbedderProvider cache hit 0/2057 unique gene symbols (model=caduceus_ph_131k)
[2026-05-18 16:51:23,337] INFO root: CUDA device found, using GPU.
[2026-05-18 16:51:23,337] INFO root: GeneResolver initialized for human (Release 109).
[2026-05-18 16:51:23,364] INFO root: Checking if Ensembl data needs downloading/indexing...
[2026-05-18 16:51:23,914] INFO pyensembl.sequence_data: Loaded sequence dictionary from /home/icb/goncalo.pinto/.cache/pyensembl/GRCh38/ensembl109/Homo_sapiens.GRCh38.cdna.all.fa.gz.pickle
[2026-05-18 16:51:24,050] INFO pyensembl.sequence_data: Loaded sequence dictionary from /home/icb/goncalo.pinto/.cache/pyensembl/GRCh38/ensembl109/Homo_sapiens.GRCh38.ncrna.fa.gz.pickle
[2026-05-18 16:51:24,188] INFO pyensembl.sequence_data: Loaded sequence dictionary from /home/icb/goncalo.pinto/.cache/pyensembl/GRCh38/ensembl109/Homo_sapiens.GRCh38.pep.all.fa.gz.pickle
[2026-05-18 16:51:24,191] INFO root: pyensembl data is ready.
[2026-05-18 16:51:24,191] INFO root: BioEmbedder initialized: device=cuda, organism=human, backend=api
[2026-05-18 16:51:24,192] INFO root: Loading registered model 'caduceus_ph_131k' onto device 'cuda'...
[2026-05-18 16:51:24,192] INFO root: Loading Caduceus 'kuleshov-group/caduceus-ph_seqlen-131k_d_model-256_n_layer-16' …
Encountered exception while importing mamba_ssm: No module named 'mamba_ssm'
Encountered exception while importing mamba_ssm: No module named 'mamba_ssm'
[2026-05-18 16:51:25,929] ERROR root: Failed to load model 'caduceus_ph_131k' using wrapper CaduceusWrapper and path 'kuleshov-group/caduceus-ph_seqlen-131k_d_model-256_n_layer-16': Could not load Caduceus 'kuleshov-group/caduceus-ph_seqlen-131k_d_model-256_n_layer-16'.
Traceback (most recent call last):
  File "/ictstr01/groups/ml01/workspace/goncalo.pinto/embpy/src/embpy/models/dna_models.py", line 2005, in load
    m = AutoModelForMaskedLM.from_pretrained(self.model_name, trust_remote_code=True)
        ^^^^^^^^^^^^^^^^^^^^^^^^^^^^^^^^^^^^^^^^^^^^^^^^^^^^^^^^^^^^^^^^^^^^^^^^^^^^^
  File "/ictstr01/groups/ml01/workspace/goncalo.pinto/embpy/.pixi/envs/gpu/lib/python3.12/site-packages/transformers/models/auto/auto_factory.py", line 553, in from_pretrained
    model_class = get_class_from_dynamic_module(
                  ^^^^^^^^^^^^^^^^^^^^^^^^^^^^^^
  File "/ictstr01/groups/ml01/workspace/goncalo.pinto/embpy/.pixi/envs/gpu/lib/python3.12/site-packages/transformers/dynamic_module_utils.py", line 541, in get_class_from_dynamic_module
    final_module = get_cached_module_file(
                   ^^^^^^^^^^^^^^^^^^^^^^^
  File "/ictstr01/groups/ml01/workspace/goncalo.pinto/embpy/.pixi/envs/gpu/lib/python3.12/site-packages/transformers/dynamic_module_utils.py", line 366, in get_cached_module_file
    modules_needed = check_imports(resolved_module_file)
                     ^^^^^^^^^^^^^^^^^^^^^^^^^^^^^^^^^^^
  File "/ictstr01/groups/ml01/workspace/goncalo.pinto/embpy/.pixi/envs/gpu/lib/python3.12/site-packages/transformers/dynamic_module_utils.py", line 198, in check_imports
    raise ImportError(
ImportError: This modeling file requires the following packages that were not found in your environment: mamba_ssm. Run `pip install mamba_ssm`

During handling of the above exception, another exception occurred:

Traceback (most recent call last):
  File "/ictstr01/groups/ml01/workspace/goncalo.pinto/embpy/src/embpy/models/dna_models.py", line 2007, in load
    m = AutoModel.from_pretrained(self.model_name, trust_remote_code=True)
        ^^^^^^^^^^^^^^^^^^^^^^^^^^^^^^^^^^^^^^^^^^^^^^^^^^^^^^^^^^^^^^^^^^
  File "/ictstr01/groups/ml01/workspace/goncalo.pinto/embpy/.pixi/envs/gpu/lib/python3.12/site-packages/transformers/models/auto/auto_factory.py", line 553, in from_pretrained
    model_class = get_class_from_dynamic_module(
                  ^^^^^^^^^^^^^^^^^^^^^^^^^^^^^^
  File "/ictstr01/groups/ml01/workspace/goncalo.pinto/embpy/.pixi/envs/gpu/lib/python3.12/site-packages/transformers/dynamic_module_utils.py", line 541, in get_class_from_dynamic_module
    final_module = get_cached_module_file(
                   ^^^^^^^^^^^^^^^^^^^^^^^
  File "/ictstr01/groups/ml01/workspace/goncalo.pinto/embpy/.pixi/envs/gpu/lib/python3.12/site-packages/transformers/dynamic_module_utils.py", line 366, in get_cached_module_file
    modules_needed = check_imports(resolved_module_file)
                     ^^^^^^^^^^^^^^^^^^^^^^^^^^^^^^^^^^^
  File "/ictstr01/groups/ml01/workspace/goncalo.pinto/embpy/.pixi/envs/gpu/lib/python3.12/site-packages/transformers/dynamic_module_utils.py", line 198, in check_imports
    raise ImportError(
ImportError: This modeling file requires the following packages that were not found in your environment: mamba_ssm. Run `pip install mamba_ssm`

The above exception was the direct cause of the following exception:

Traceback (most recent call last):
  File "/ictstr01/groups/ml01/workspace/goncalo.pinto/embpy/src/embpy/embedder.py", line 234, in _get_model
    model_instance.load(self.device)
  File "/ictstr01/groups/ml01/workspace/goncalo.pinto/embpy/src/embpy/models/dna_models.py", line 2013, in load
    raise RuntimeError(f"Could not load Caduceus '{self.model_name}'.") from e
RuntimeError: Could not load Caduceus 'kuleshov-group/caduceus-ph_seqlen-131k_d_model-256_n_layer-16'.

The above exception was the direct cause of the following exception:

Traceback (most recent call last):
  File "<frozen runpy>", line 198, in _run_module_as_main
  File "<frozen runpy>", line 88, in _run_code
  File "/ictstr01/groups/ml01/workspace/goncalo.pinto/embpy/src/world_model/world_model/scripts/embed_perturbations.py", line 267, in <module>
    sys.exit(main())
             ^^^^^^
  File "/ictstr01/groups/ml01/workspace/goncalo.pinto/embpy/src/world_model/world_model/scripts/embed_perturbations.py", line 187, in main
    embeddings, statuses = provider.embed_with_status(perturbation_labels)
                           ^^^^^^^^^^^^^^^^^^^^^^^^^^^^^^^^^^^^^^^^^^^^^^^
  File "/ictstr01/groups/ml01/workspace/goncalo.pinto/embpy/src/world_model/world_model/data/embeddings/bio_embedder.py", line 166, in embed_with_status
    new_vecs = self._compute(missing)
               ^^^^^^^^^^^^^^^^^^^^^^
  File "/ictstr01/groups/ml01/workspace/goncalo.pinto/embpy/src/world_model/world_model/data/embeddings/bio_embedder.py", line 371, in _compute
    results = embedder.embed_genes_batch(
              ^^^^^^^^^^^^^^^^^^^^^^^^^^^
  File "/ictstr01/groups/ml01/workspace/goncalo.pinto/embpy/src/embpy/embedder.py", line 793, in embed_genes_batch
    inst = self._get_model(model)
           ^^^^^^^^^^^^^^^^^^^^^^
  File "/ictstr01/groups/ml01/workspace/goncalo.pinto/embpy/src/embpy/embedder.py", line 242, in _get_model
    raise RuntimeError(f"Could not load model '{model_name}'.") from e
RuntimeError: Could not load model 'caduceus_ph_131k'.
