 WARN Encountered 2 warnings while parsing the manifest:
  ⚠ The feature 'state' is defined but not used in any environment.
  │ Dependencies of unused features are not resolved or checked, and use
  │ wildcard (*) version specifiers by default, disregarding any set `pinning-
  │ strategy`
     ╭─[/ictstr01/groups/ml01/workspace/goncalo.pinto/embpy/pixi.toml:386:10]
 385 │ # ---------------------------------------------------------------------------
 386 │ [feature.state]
     ·          ─────
 387 │ platforms = ["linux-64"]
     ╰────
  help: Remove the feature from the manifest or add it to an environment

  ⚠ The feature 'stack' is defined but not used in any environment.
  │ Dependencies of unused features are not resolved or checked, and use
  │ wildcard (*) version specifiers by default, disregarding any set `pinning-
  │ strategy`
     ╭─[/ictstr01/groups/ml01/workspace/goncalo.pinto/embpy/pixi.toml:402:10]
 401 │ 
 402 │ [feature.stack]
     ·          ─────
 403 │ platforms = ["linux-64"]
     ╰────
  help: Remove the feature from the manifest or add it to an environment

[2026-05-18 16:44:41,510] INFO __main__: Found 2057 unique non-control perturbation labels in data/datasets/replogle/replogle_2022_k562_essential.h5ad (filtered out 10691 control cells).
[2026-05-18 16:44:41,527] INFO world_model.data.embeddings.bio_embedder: BioEmbedderProvider cache hit 0/2057 unique gene symbols (model=enformer_human_rough)
[2026-05-18 16:47:04,179] INFO root: CUDA device found, using GPU.
[2026-05-18 16:47:04,179] INFO root: GeneResolver initialized for human (Release 109).
[2026-05-18 16:47:05,676] INFO root: Checking if Ensembl data needs downloading/indexing...
[2026-05-18 16:47:06,832] INFO pyensembl.sequence_data: Loaded sequence dictionary from /home/icb/goncalo.pinto/.cache/pyensembl/GRCh38/ensembl109/Homo_sapiens.GRCh38.cdna.all.fa.gz.pickle
[2026-05-18 16:47:07,051] INFO pyensembl.sequence_data: Loaded sequence dictionary from /home/icb/goncalo.pinto/.cache/pyensembl/GRCh38/ensembl109/Homo_sapiens.GRCh38.ncrna.fa.gz.pickle
[2026-05-18 16:47:07,256] INFO pyensembl.sequence_data: Loaded sequence dictionary from /home/icb/goncalo.pinto/.cache/pyensembl/GRCh38/ensembl109/Homo_sapiens.GRCh38.pep.all.fa.gz.pickle
[2026-05-18 16:47:07,257] INFO root: pyensembl data is ready.
[2026-05-18 16:47:07,257] INFO root: BioEmbedder initialized: device=cuda, organism=human, backend=api
[2026-05-18 16:47:07,257] INFO root: Loading registered model 'enformer_human_rough' onto device 'cuda'...
[2026-05-18 16:47:07,257] INFO root: Loading Enformer model 'EleutherAI/enformer-official-rough' …
[2026-05-18 16:47:15,144] INFO root: Enformer 'EleutherAI/enformer-official-rough' loaded on cuda.
[2026-05-18 16:47:15,144] INFO root: Model 'enformer_human_rough' loaded successfully.
[2026-05-18 16:47:15,144] INFO root: Batch: 2057 items for 'enformer_human_rough' (dna)...
[2026-05-18 16:48:51,774] ERROR root: Error fetching DNA sequence from Ensembl for 'C14orf178': 400 Client Error: Bad Request for url: https://rest.ensembl.org/lookup/symbol/human/C14orf178?expand=1
[2026-05-18 16:48:51,774] WARNING root: No data for C14orf178; skipping.
[2026-05-18 16:48:55,209] ERROR root: Error fetching DNA sequence from Ensembl for 'C1orf109': 400 Client Error: Bad Request for url: https://rest.ensembl.org/lookup/symbol/human/C1orf109?expand=1
[2026-05-18 16:48:55,209] WARNING root: No data for C1orf109; skipping.
[2026-05-18 16:48:58,674] ERROR root: Error fetching DNA sequence from Ensembl for 'C7orf50': 400 Client Error: Bad Request for url: https://rest.ensembl.org/lookup/symbol/human/C7orf50?expand=1
[2026-05-18 16:48:58,674] WARNING root: No data for C7orf50; skipping.
[2026-05-18 16:49:10,902] ERROR root: Error fetching DNA sequence from Ensembl for 'CCDC115': 400 Client Error: Bad Request for url: https://rest.ensembl.org/lookup/symbol/human/CCDC115?expand=1
[2026-05-18 16:49:10,903] WARNING root: No data for CCDC115; skipping.
[2026-05-18 16:49:43,486] ERROR root: Error fetching DNA sequence from Ensembl for 'CENPJ': 400 Client Error: Bad Request for url: https://rest.ensembl.org/lookup/symbol/human/CENPJ?expand=1
[2026-05-18 16:49:43,487] WARNING root: No data for CENPJ; skipping.
[2026-05-18 16:53:29,154] ERROR root: Error fetching DNA sequence from Ensembl for 'FAM207A': 400 Client Error: Bad Request for url: https://rest.ensembl.org/lookup/symbol/human/LOC108281151?expand=1
[2026-05-18 16:53:29,155] WARNING root: No data for FAM207A; skipping.
[2026-05-18 16:57:29,819] ERROR root: Error fetching DNA sequence from Ensembl for 'MARS': 400 Client Error: Bad Request for url: https://rest.ensembl.org/lookup/symbol/human/LOC106560211?expand=1
[2026-05-18 16:57:29,819] WARNING root: No data for MARS; skipping.
[2026-05-18 16:59:19,302] ERROR root: Error fetching DNA sequence from Ensembl for 'MTRNR2L1': 400 Client Error: Bad Request for url: https://rest.ensembl.org/lookup/symbol/human/MTRNR2L1?expand=1
[2026-05-18 16:59:19,304] WARNING root: No data for MTRNR2L1; skipping.
[2026-05-18 16:59:27,630] ERROR root: Error fetching DNA sequence from Ensembl for 'N6AMT1': 400 Client Error: Bad Request for url: https://rest.ensembl.org/lookup/symbol/human/N6AMT1?expand=1
[2026-05-18 16:59:27,631] WARNING root: No data for N6AMT1; skipping.
[2026-05-18 17:02:29,644] ERROR root: Error fetching DNA sequence from Ensembl for 'PHB': 400 Client Error: Bad Request for url: https://rest.ensembl.org/lookup/symbol/human/LOC116276472?expand=1
[2026-05-18 17:02:29,644] WARNING root: No data for PHB; skipping.
[2026-05-18 17:04:33,633] ERROR root: Error fetching DNA sequence from Ensembl for 'PRPF4B': 400 Client Error: Bad Request for url: https://rest.ensembl.org/lookup/symbol/human/PRPF4B?expand=1
[2026-05-18 17:04:33,634] WARNING root: No data for PRPF4B; skipping.
[2026-05-18 17:10:14,906] ERROR root: Error fetching DNA sequence from Ensembl for 'SPATA5': 400 Client Error: Bad Request for url: https://rest.ensembl.org/lookup/symbol/human/SPATA5?expand=1
[2026-05-18 17:10:14,908] WARNING root: No data for SPATA5; skipping.
[2026-05-18 17:10:15,039] ERROR root: Error fetching DNA sequence from Ensembl for 'SPATA5L1': 400 Client Error: Bad Request for url: https://rest.ensembl.org/lookup/symbol/human/SPATA5L1?expand=1
[2026-05-18 17:10:15,040] WARNING root: No data for SPATA5L1; skipping.
[2026-05-18 17:11:35,512] ERROR root: Error fetching DNA sequence from Ensembl for 'TDGF1': 400 Client Error: Bad Request for url: https://rest.ensembl.org/lookup/symbol/human/TDGF1?expand=1
[2026-05-18 17:11:35,512] WARNING root: No data for TDGF1; skipping.
[2026-05-18 17:12:06,656] ERROR root: Error fetching DNA sequence from Ensembl for 'TMEM199': 400 Client Error: Bad Request for url: https://rest.ensembl.org/lookup/symbol/human/TMEM199?expand=1
[2026-05-18 17:12:06,657] WARNING root: No data for TMEM199; skipping.
[2026-05-18 17:15:52,278] ERROR root: Error fetching DNA sequence from Ensembl for 'ZNF720': 400 Client Error: Bad Request for url: https://rest.ensembl.org/lookup/symbol/human/KRABD5?expand=1
[2026-05-18 17:15:52,279] WARNING root: No data for ZNF720; skipping.
[2026-05-18 17:15:59,072] WARNING root: Truncated Enformer indices from 273052→196608 (center‐crop).
[2026-05-18 17:15:59,103] WARNING root: Truncated Enformer indices from 266916→196608 (center‐crop).
[2026-05-18 17:15:59,162] WARNING root: Truncated Enformer indices from 222943→196608 (center‐crop).
[2026-05-18 17:16:00,950] WARNING root: Truncated Enformer indices from 275947→196608 (center‐crop).
[2026-05-18 17:16:01,308] WARNING root: Truncated Enformer indices from 328849→196608 (center‐crop).
[2026-05-18 17:16:01,556] WARNING root: Truncated Enformer indices from 280710→196608 (center‐crop).
[2026-05-18 17:16:01,793] WARNING root: Truncated Enformer indices from 208037→196608 (center‐crop).
[2026-05-18 17:16:01,889] WARNING root: Truncated Enformer indices from 814067→196608 (center‐crop).
[2026-05-18 17:16:02,042] WARNING root: Truncated Enformer indices from 568149→196608 (center‐crop).
[2026-05-18 17:16:02,171] WARNING root: Truncated Enformer indices from 203056→196608 (center‐crop).
[2026-05-18 17:16:03,166] WARNING root: Truncated Enformer indices from 226432→196608 (center‐crop).
[2026-05-18 17:16:03,240] WARNING root: Truncated Enformer indices from 350420→196608 (center‐crop).
[2026-05-18 17:16:03,937] WARNING root: Truncated Enformer indices from 226948→196608 (center‐crop).
[2026-05-18 17:16:04,149] WARNING root: Truncated Enformer indices from 235224→196608 (center‐crop).
[2026-05-18 17:16:04,277] WARNING root: Truncated Enformer indices from 216371→196608 (center‐crop).
[2026-05-18 17:16:04,396] WARNING root: Truncated Enformer indices from 354692→196608 (center‐crop).
[2026-05-18 17:16:04,494] WARNING root: Truncated Enformer indices from 289029→196608 (center‐crop).
[2026-05-18 17:16:04,766] WARNING root: Truncated Enformer indices from 394428→196608 (center‐crop).
[2026-05-18 17:16:04,792] WARNING root: Truncated Enformer indices from 211771→196608 (center‐crop).
[2026-05-18 17:16:05,196] WARNING root: Truncated Enformer indices from 300785→196608 (center‐crop).
[2026-05-18 17:16:05,336] WARNING root: Truncated Enformer indices from 276057→196608 (center‐crop).
[2026-05-18 17:16:05,757] WARNING root: Truncated Enformer indices from 197030→196608 (center‐crop).
[2026-05-18 17:16:05,916] WARNING root: Truncated Enformer indices from 218557→196608 (center‐crop).
[2026-05-18 17:16:06,093] WARNING root: Truncated Enformer indices from 303123→196608 (center‐crop).
[2026-05-18 17:16:06,548] WARNING root: Truncated Enformer indices from 332051→196608 (center‐crop).
[2026-05-18 17:16:06,880] WARNING root: Truncated Enformer indices from 344317→196608 (center‐crop).
[2026-05-18 17:16:07,076] WARNING root: Truncated Enformer indices from 228228→196608 (center‐crop).
[2026-05-18 17:16:07,398] WARNING root: Truncated Enformer indices from 353730→196608 (center‐crop).
[2026-05-18 17:16:07,770] WARNING root: Truncated Enformer indices from 421553→196608 (center‐crop).
[2026-05-18 17:16:07,878] WARNING root: Truncated Enformer indices from 202998→196608 (center‐crop).
[2026-05-18 17:16:08,116] WARNING root: Truncated Enformer indices from 228266→196608 (center‐crop).
[2026-05-18 17:16:08,316] WARNING root: Truncated Enformer indices from 254507→196608 (center‐crop).
[2026-05-18 17:16:08,513] WARNING root: Truncated Enformer indices from 243947→196608 (center‐crop).
[2026-05-18 17:16:08,731] WARNING root: Truncated Enformer indices from 223487→196608 (center‐crop).
[2026-05-18 17:16:09,099] WARNING root: Truncated Enformer indices from 242985→196608 (center‐crop).
[2026-05-18 17:16:10,243] WARNING root: Truncated Enformer indices from 282018→196608 (center‐crop).
[2026-05-18 17:16:10,301] WARNING root: Truncated Enformer indices from 209421→196608 (center‐crop).
[2026-05-18 17:16:10,518] WARNING root: Truncated Enformer indices from 378469→196608 (center‐crop).
[2026-05-18 17:16:10,561] WARNING root: Truncated Enformer indices from 374155→196608 (center‐crop).
[2026-05-18 17:16:10,930] WARNING root: Truncated Enformer indices from 467824→196608 (center‐crop).
[2026-05-18 17:16:18,461] ERROR root: Batch embed failed: CUDA out of memory. Tried to allocate 1148.06 GiB. GPU 0 has a total capacity of 79.25 GiB of which 65.81 GiB is free. Including non-PyTorch memory, this process has 13.43 GiB memory in use. Of the allocated memory 12.90 GiB is allocated by PyTorch, and 52.93 MiB is reserved by PyTorch but unallocated. If reserved but unallocated memory is large try setting PYTORCH_CUDA_ALLOC_CONF=expandable_segments:True to avoid fragmentation.  See documentation for Memory Management  (https://pytorch.org/docs/stable/notes/cuda.html#environment-variables)
Traceback (most recent call last):
  File "/ictstr01/groups/ml01/workspace/goncalo.pinto/embpy/src/embpy/embedder.py", line 888, in embed_genes_batch
    batch_results = inst.embed_batch(inputs=valid_inputs, pooling_strategy=pooling_strategy, **kwargs)
                    ^^^^^^^^^^^^^^^^^^^^^^^^^^^^^^^^^^^^^^^^^^^^^^^^^^^^^^^^^^^^^^^^^^^^^^^^^^^^^^^^^^
  File "/ictstr01/groups/ml01/workspace/goncalo.pinto/embpy/src/embpy/models/dna_models.py", line 417, in embed_batch
    out = self.model(batch_tensor, return_embeddings=True)
          ^^^^^^^^^^^^^^^^^^^^^^^^^^^^^^^^^^^^^^^^^^^^^^^^
  File "/ictstr01/groups/ml01/workspace/goncalo.pinto/embpy/.pixi/envs/gpu/lib/python3.12/site-packages/torch/nn/modules/module.py", line 1736, in _wrapped_call_impl
    return self._call_impl(*args, **kwargs)
           ^^^^^^^^^^^^^^^^^^^^^^^^^^^^^^^^
  File "/ictstr01/groups/ml01/workspace/goncalo.pinto/embpy/.pixi/envs/gpu/lib/python3.12/site-packages/torch/nn/modules/module.py", line 1747, in _call_impl
    return forward_call(*args, **kwargs)
           ^^^^^^^^^^^^^^^^^^^^^^^^^^^^^
  File "/ictstr01/groups/ml01/workspace/goncalo.pinto/embpy/.pixi/envs/gpu/lib/python3.12/site-packages/enformer_pytorch/modeling_enformer.py", line 462, in forward
    x = trunk_fn(x)
        ^^^^^^^^^^^
  File "/ictstr01/groups/ml01/workspace/goncalo.pinto/embpy/.pixi/envs/gpu/lib/python3.12/site-packages/torch/nn/modules/module.py", line 1736, in _wrapped_call_impl
    return self._call_impl(*args, **kwargs)
           ^^^^^^^^^^^^^^^^^^^^^^^^^^^^^^^^
  File "/ictstr01/groups/ml01/workspace/goncalo.pinto/embpy/.pixi/envs/gpu/lib/python3.12/site-packages/torch/nn/modules/module.py", line 1747, in _call_impl
    return forward_call(*args, **kwargs)
           ^^^^^^^^^^^^^^^^^^^^^^^^^^^^^
  File "/ictstr01/groups/ml01/workspace/goncalo.pinto/embpy/.pixi/envs/gpu/lib/python3.12/site-packages/torch/nn/modules/container.py", line 250, in forward
    input = module(input)
            ^^^^^^^^^^^^^
  File "/ictstr01/groups/ml01/workspace/goncalo.pinto/embpy/.pixi/envs/gpu/lib/python3.12/site-packages/torch/nn/modules/module.py", line 1736, in _wrapped_call_impl
    return self._call_impl(*args, **kwargs)
           ^^^^^^^^^^^^^^^^^^^^^^^^^^^^^^^^
  File "/ictstr01/groups/ml01/workspace/goncalo.pinto/embpy/.pixi/envs/gpu/lib/python3.12/site-packages/torch/nn/modules/module.py", line 1747, in _call_impl
    return forward_call(*args, **kwargs)
           ^^^^^^^^^^^^^^^^^^^^^^^^^^^^^
  File "/ictstr01/groups/ml01/workspace/goncalo.pinto/embpy/.pixi/envs/gpu/lib/python3.12/site-packages/torch/nn/modules/container.py", line 250, in forward
    input = module(input)
            ^^^^^^^^^^^^^
  File "/ictstr01/groups/ml01/workspace/goncalo.pinto/embpy/.pixi/envs/gpu/lib/python3.12/site-packages/torch/nn/modules/module.py", line 1736, in _wrapped_call_impl
    return self._call_impl(*args, **kwargs)
           ^^^^^^^^^^^^^^^^^^^^^^^^^^^^^^^^
  File "/ictstr01/groups/ml01/workspace/goncalo.pinto/embpy/.pixi/envs/gpu/lib/python3.12/site-packages/torch/nn/modules/module.py", line 1747, in _call_impl
    return forward_call(*args, **kwargs)
           ^^^^^^^^^^^^^^^^^^^^^^^^^^^^^
  File "/ictstr01/groups/ml01/workspace/goncalo.pinto/embpy/.pixi/envs/gpu/lib/python3.12/site-packages/torch/nn/modules/conv.py", line 375, in forward
    return self._conv_forward(input, self.weight, self.bias)
           ^^^^^^^^^^^^^^^^^^^^^^^^^^^^^^^^^^^^^^^^^^^^^^^^^
  File "/ictstr01/groups/ml01/workspace/goncalo.pinto/embpy/.pixi/envs/gpu/lib/python3.12/site-packages/torch/nn/modules/conv.py", line 370, in _conv_forward
    return F.conv1d(
           ^^^^^^^^^
torch.OutOfMemoryError: CUDA out of memory. Tried to allocate 1148.06 GiB. GPU 0 has a total capacity of 79.25 GiB of which 65.81 GiB is free. Including non-PyTorch memory, this process has 13.43 GiB memory in use. Of the allocated memory 12.90 GiB is allocated by PyTorch, and 52.93 MiB is reserved by PyTorch but unallocated. If reserved but unallocated memory is large try setting PYTORCH_CUDA_ALLOC_CONF=expandable_segments:True to avoid fragmentation.  See documentation for Memory Management  (https://pytorch.org/docs/stable/notes/cuda.html#environment-variables)
Traceback (most recent call last):
  File "<frozen runpy>", line 198, in _run_module_as_main
  File "<frozen runpy>", line 88, in _run_code
  File "/ictstr01/groups/ml01/workspace/goncalo.pinto/embpy/src/world_model/world_model/scripts/embed_perturbations.py", line 267, in <module>
    sys.exit(main())
             ^^^^^^
  File "/ictstr01/groups/ml01/workspace/goncalo.pinto/embpy/src/world_model/world_model/scripts/embed_perturbations.py", line 187, in main
    embeddings, statuses = provider.embed_with_status(perturbation_labels)
                           ^^^^^^^^^^^^^^^^^^^^^^^^^^^^^^^^^^^^^^^^^^^^^^^
  File "/ictstr01/groups/ml01/workspace/goncalo.pinto/embpy/src/world_model/world_model/data/embeddings/bio_embedder.py", line 191, in embed_with_status
    raise ValueError(
ValueError: BioEmbedder returned no embeddings for any of 2057 symbols. Check model_name='enformer_human_rough', organism='human', resolver_backend='api'. If your dataset is mostly controls, set action_embedding.fail_on_unresolved=False and verify the output of embed_perturbations.py.
