 WARN Encountered 2 warnings while parsing the manifest:
  ⚠ The feature 'state' is defined but not used in any environment.
  │ Dependencies of unused features are not resolved or checked, and use
  │ wildcard (*) version specifiers by default, disregarding any set `pinning-
  │ strategy`
     ╭─[/ictstr01/groups/ml01/workspace/goncalo.pinto/embpy/pixi.toml:386:10]
 385 │ # ---------------------------------------------------------------------------
 386 │ [feature.state]
     ·          ─────
 387 │ platforms = ["linux-64"]
     ╰────
  help: Remove the feature from the manifest or add it to an environment

  ⚠ The feature 'stack' is defined but not used in any environment.
  │ Dependencies of unused features are not resolved or checked, and use
  │ wildcard (*) version specifiers by default, disregarding any set `pinning-
  │ strategy`
     ╭─[/ictstr01/groups/ml01/workspace/goncalo.pinto/embpy/pixi.toml:402:10]
 401 │ 
 402 │ [feature.stack]
     ·          ─────
 403 │ platforms = ["linux-64"]
     ╰────
  help: Remove the feature from the manifest or add it to an environment

[2026-05-18 18:29:06,934] INFO __main__: Found 2393 unique non-control perturbation labels in data/datasets/nadig/NadigOConner2024_jurkat.h5ad (filtered out 12013 control cells).
[2026-05-18 18:29:07,067] INFO world_model.data.embeddings.bio_embedder: BioEmbedderProvider cache hit 0/2393 unique gene symbols (model=evo2_7b)
[2026-05-18 18:32:00,451] INFO root: CUDA device found, using GPU.
[2026-05-18 18:32:00,452] INFO root: GeneResolver initialized for human (Release 109).
[2026-05-18 18:32:02,439] INFO root: Checking if Ensembl data needs downloading/indexing...
[2026-05-18 18:32:03,450] INFO pyensembl.sequence_data: Loaded sequence dictionary from /home/icb/goncalo.pinto/.cache/pyensembl/GRCh38/ensembl109/Homo_sapiens.GRCh38.cdna.all.fa.gz.pickle
[2026-05-18 18:32:03,778] INFO pyensembl.sequence_data: Loaded sequence dictionary from /home/icb/goncalo.pinto/.cache/pyensembl/GRCh38/ensembl109/Homo_sapiens.GRCh38.ncrna.fa.gz.pickle
[2026-05-18 18:32:04,073] INFO pyensembl.sequence_data: Loaded sequence dictionary from /home/icb/goncalo.pinto/.cache/pyensembl/GRCh38/ensembl109/Homo_sapiens.GRCh38.pep.all.fa.gz.pickle
[2026-05-18 18:32:04,074] INFO root: pyensembl data is ready.
[2026-05-18 18:32:04,075] INFO root: BioEmbedder initialized: device=cuda, organism=human, backend=api
[2026-05-18 18:32:04,076] INFO root: Loading registered model 'evo2_7b' onto device 'cuda'...
[2026-05-18 18:32:04,076] ERROR root: Failed to load model 'evo2_7b' using wrapper Evo2Wrapper and path 'evo2_7b': evo2 package is not installed. Install it with: pip install embpy[evo2] or pip install evo2
Traceback (most recent call last):
  File "/ictstr01/groups/ml01/workspace/goncalo.pinto/embpy/src/embpy/embedder.py", line 234, in _get_model
    model_instance.load(self.device)
  File "/ictstr01/groups/ml01/workspace/goncalo.pinto/embpy/src/embpy/models/dna_models.py", line 1246, in load
    raise ImportError(
ImportError: evo2 package is not installed. Install it with: pip install embpy[evo2] or pip install evo2

The above exception was the direct cause of the following exception:

Traceback (most recent call last):
  File "<frozen runpy>", line 198, in _run_module_as_main
  File "<frozen runpy>", line 88, in _run_code
  File "/ictstr01/groups/ml01/workspace/goncalo.pinto/embpy/src/world_model/world_model/scripts/embed_perturbations.py", line 267, in <module>
    sys.exit(main())
             ^^^^^^
  File "/ictstr01/groups/ml01/workspace/goncalo.pinto/embpy/src/world_model/world_model/scripts/embed_perturbations.py", line 187, in main
    embeddings, statuses = provider.embed_with_status(perturbation_labels)
                           ^^^^^^^^^^^^^^^^^^^^^^^^^^^^^^^^^^^^^^^^^^^^^^^
  File "/ictstr01/groups/ml01/workspace/goncalo.pinto/embpy/src/world_model/world_model/data/embeddings/bio_embedder.py", line 166, in embed_with_status
    new_vecs = self._compute(missing)
               ^^^^^^^^^^^^^^^^^^^^^^
  File "/ictstr01/groups/ml01/workspace/goncalo.pinto/embpy/src/world_model/world_model/data/embeddings/bio_embedder.py", line 371, in _compute
    results = embedder.embed_genes_batch(
              ^^^^^^^^^^^^^^^^^^^^^^^^^^^
  File "/ictstr01/groups/ml01/workspace/goncalo.pinto/embpy/src/embpy/embedder.py", line 793, in embed_genes_batch
    inst = self._get_model(model)
           ^^^^^^^^^^^^^^^^^^^^^^
  File "/ictstr01/groups/ml01/workspace/goncalo.pinto/embpy/src/embpy/embedder.py", line 242, in _get_model
    raise RuntimeError(f"Could not load model '{model_name}'.") from e
RuntimeError: Could not load model 'evo2_7b'.
