 WARN Encountered 2 warnings while parsing the manifest:
  ⚠ The feature 'state' is defined but not used in any environment.
  │ Dependencies of unused features are not resolved or checked, and use
  │ wildcard (*) version specifiers by default, disregarding any set `pinning-
  │ strategy`
     ╭─[/ictstr01/groups/ml01/workspace/goncalo.pinto/embpy/pixi.toml:386:10]
 385 │ # ---------------------------------------------------------------------------
 386 │ [feature.state]
     ·          ─────
 387 │ platforms = ["linux-64"]
     ╰────
  help: Remove the feature from the manifest or add it to an environment

  ⚠ The feature 'stack' is defined but not used in any environment.
  │ Dependencies of unused features are not resolved or checked, and use
  │ wildcard (*) version specifiers by default, disregarding any set `pinning-
  │ strategy`
     ╭─[/ictstr01/groups/ml01/workspace/goncalo.pinto/embpy/pixi.toml:402:10]
 401 │ 
 402 │ [feature.stack]
     ·          ─────
 403 │ platforms = ["linux-64"]
     ╰────
  help: Remove the feature from the manifest or add it to an environment

[2026-05-18 16:25:30,711] INFO __main__: Found 2057 unique non-control perturbation labels in data/datasets/replogle/replogle_2022_k562_essential.h5ad (filtered out 10691 control cells).
[2026-05-18 16:25:30,736] INFO world_model.data.embeddings.bio_embedder: BioEmbedderProvider cache hit 0/2057 unique gene symbols (model=gena_lm_bert_large)
[2026-05-18 16:27:41,493] INFO root: CUDA device found, using GPU.
[2026-05-18 16:27:41,494] INFO root: GeneResolver initialized for human (Release 109).
[2026-05-18 16:27:42,162] INFO root: Checking if Ensembl data needs downloading/indexing...
[2026-05-18 16:27:43,215] INFO pyensembl.sequence_data: Loaded sequence dictionary from /home/icb/goncalo.pinto/.cache/pyensembl/GRCh38/ensembl109/Homo_sapiens.GRCh38.cdna.all.fa.gz.pickle
[2026-05-18 16:27:43,517] INFO pyensembl.sequence_data: Loaded sequence dictionary from /home/icb/goncalo.pinto/.cache/pyensembl/GRCh38/ensembl109/Homo_sapiens.GRCh38.ncrna.fa.gz.pickle
[2026-05-18 16:27:43,792] INFO pyensembl.sequence_data: Loaded sequence dictionary from /home/icb/goncalo.pinto/.cache/pyensembl/GRCh38/ensembl109/Homo_sapiens.GRCh38.pep.all.fa.gz.pickle
[2026-05-18 16:27:43,794] INFO root: pyensembl data is ready.
[2026-05-18 16:27:43,794] INFO root: BioEmbedder initialized: device=cuda, organism=human, backend=api
[2026-05-18 16:27:43,794] INFO root: Loading registered model 'gena_lm_bert_large' onto device 'cuda'...
[2026-05-18 16:27:43,795] INFO root: Loading GENA-LM 'AIRI-Institute/gena-lm-bert-large-t2t' …
[2026-05-18 16:27:57,198] INFO root: GENA-LM 'AIRI-Institute/gena-lm-bert-large-t2t' loaded on cuda.
[2026-05-18 16:27:57,198] INFO root: Model 'gena_lm_bert_large' loaded successfully.
[2026-05-18 16:27:57,199] INFO root: Batch: 2057 items for 'gena_lm_bert_large' (dna)...
[2026-05-18 16:29:57,517] ERROR root: Error fetching DNA sequence from Ensembl for 'C14orf178': 400 Client Error: Bad Request for url: https://rest.ensembl.org/lookup/symbol/human/C14orf178?expand=1
[2026-05-18 16:29:57,518] WARNING root: No data for C14orf178; skipping.
[2026-05-18 16:30:05,980] ERROR root: Error fetching DNA sequence from Ensembl for 'C1orf109': 400 Client Error: Bad Request for url: https://rest.ensembl.org/lookup/symbol/human/C1orf109?expand=1
[2026-05-18 16:30:05,981] WARNING root: No data for C1orf109; skipping.
[2026-05-18 16:30:06,794] ERROR root: Error fetching DNA sequence from Ensembl for 'C7orf50': 400 Client Error: Bad Request for url: https://rest.ensembl.org/lookup/symbol/human/C7orf50?expand=1
[2026-05-18 16:30:06,795] WARNING root: No data for C7orf50; skipping.
[2026-05-18 16:30:22,164] ERROR root: Error fetching DNA sequence from Ensembl for 'CCDC115': 400 Client Error: Bad Request for url: https://rest.ensembl.org/lookup/symbol/human/CCDC115?expand=1
[2026-05-18 16:30:22,262] WARNING root: No data for CCDC115; skipping.
[2026-05-18 16:31:13,489] ERROR root: Error fetching DNA sequence from Ensembl for 'CENPJ': 400 Client Error: Bad Request for url: https://rest.ensembl.org/lookup/symbol/human/CENPJ?expand=1
[2026-05-18 16:31:13,490] WARNING root: No data for CENPJ; skipping.
[2026-05-18 16:35:37,567] ERROR root: Error fetching DNA sequence from Ensembl for 'FAM207A': 400 Client Error: Bad Request for url: https://rest.ensembl.org/lookup/symbol/human/LOC108281151?expand=1
[2026-05-18 16:35:37,576] WARNING root: No data for FAM207A; skipping.
[2026-05-18T16:38:46.885] error: *** JOB 36480729 ON gpusrv32 CANCELLED AT 2026-05-18T16:38:46 DUE to SIGNAL Terminated ***
