 WARN Encountered 2 warnings while parsing the manifest:
  ⚠ The feature 'state' is defined but not used in any environment.
  │ Dependencies of unused features are not resolved or checked, and use
  │ wildcard (*) version specifiers by default, disregarding any set `pinning-
  │ strategy`
     ╭─[/ictstr01/groups/ml01/workspace/goncalo.pinto/embpy/pixi.toml:386:10]
 385 │ # ---------------------------------------------------------------------------
 386 │ [feature.state]
     ·          ─────
 387 │ platforms = ["linux-64"]
     ╰────
  help: Remove the feature from the manifest or add it to an environment

  ⚠ The feature 'stack' is defined but not used in any environment.
  │ Dependencies of unused features are not resolved or checked, and use
  │ wildcard (*) version specifiers by default, disregarding any set `pinning-
  │ strategy`
     ╭─[/ictstr01/groups/ml01/workspace/goncalo.pinto/embpy/pixi.toml:402:10]
 401 │ 
 402 │ [feature.stack]
     ·          ─────
 403 │ platforms = ["linux-64"]
     ╰────
  help: Remove the feature from the manifest or add it to an environment

[2026-05-18 16:52:42,644] INFO __main__: Found 2393 unique non-control perturbation labels in data/datasets/nadig/NadigOConner2024_jurkat.h5ad (filtered out 12013 control cells).
[2026-05-18 16:52:42,780] INFO world_model.data.embeddings.bio_embedder: BioEmbedderProvider cache hit 0/2393 unique gene symbols (model=gena_lm_bert_base)
[2026-05-18 16:52:49,408] INFO root: CUDA device found, using GPU.
[2026-05-18 16:52:49,408] INFO root: GeneResolver initialized for human (Release 109).
[2026-05-18 16:52:49,435] INFO root: Checking if Ensembl data needs downloading/indexing...
[2026-05-18 16:52:49,975] INFO pyensembl.sequence_data: Loaded sequence dictionary from /home/icb/goncalo.pinto/.cache/pyensembl/GRCh38/ensembl109/Homo_sapiens.GRCh38.cdna.all.fa.gz.pickle
[2026-05-18 16:52:50,109] INFO pyensembl.sequence_data: Loaded sequence dictionary from /home/icb/goncalo.pinto/.cache/pyensembl/GRCh38/ensembl109/Homo_sapiens.GRCh38.ncrna.fa.gz.pickle
[2026-05-18 16:52:50,227] INFO pyensembl.sequence_data: Loaded sequence dictionary from /home/icb/goncalo.pinto/.cache/pyensembl/GRCh38/ensembl109/Homo_sapiens.GRCh38.pep.all.fa.gz.pickle
[2026-05-18 16:52:50,230] INFO root: pyensembl data is ready.
[2026-05-18 16:52:50,230] INFO root: BioEmbedder initialized: device=cuda, organism=human, backend=api
[2026-05-18 16:52:50,231] INFO root: Loading registered model 'gena_lm_bert_base' onto device 'cuda'...
[2026-05-18 16:52:50,231] INFO root: Loading GENA-LM 'AIRI-Institute/gena-lm-bert-base-t2t' …
[2026-05-18 16:52:56,189] INFO root: GENA-LM 'AIRI-Institute/gena-lm-bert-base-t2t' loaded on cuda.
[2026-05-18 16:52:56,189] INFO root: Model 'gena_lm_bert_base' loaded successfully.
[2026-05-18 16:52:56,189] INFO root: Batch: 2393 items for 'gena_lm_bert_base' (dna)...
[2026-05-18 16:53:06,405] ERROR root: Error fetching DNA sequence from Ensembl for 'AC118549.1': 400 Client Error: Bad Request for url: https://rest.ensembl.org/lookup/symbol/human/AC118549.1?expand=1
[2026-05-18 16:53:06,406] WARNING root: No data for AC118549.1; skipping.
[2026-05-18 16:55:28,047] ERROR root: Error fetching DNA sequence from Ensembl for 'C14orf178': 400 Client Error: Bad Request for url: https://rest.ensembl.org/lookup/symbol/human/C14orf178?expand=1
[2026-05-18 16:55:28,048] WARNING root: No data for C14orf178; skipping.
[2026-05-18 16:55:32,707] ERROR root: Error fetching DNA sequence from Ensembl for 'C1orf109': 400 Client Error: Bad Request for url: https://rest.ensembl.org/lookup/symbol/human/C1orf109?expand=1
[2026-05-18 16:55:32,708] WARNING root: No data for C1orf109; skipping.
[2026-05-18 16:55:32,829] ERROR root: Error fetching DNA sequence from Ensembl for 'C1orf131': 400 Client Error: Bad Request for url: https://rest.ensembl.org/lookup/symbol/human/C1orf131?expand=1
[2026-05-18 16:55:32,830] WARNING root: No data for C1orf131; skipping.
[2026-05-18 16:55:34,152] ERROR root: Error fetching DNA sequence from Ensembl for 'C7orf50': 400 Client Error: Bad Request for url: https://rest.ensembl.org/lookup/symbol/human/C7orf50?expand=1
[2026-05-18 16:55:34,153] WARNING root: No data for C7orf50; skipping.
[2026-05-18 16:55:48,134] ERROR root: Error fetching DNA sequence from Ensembl for 'CCDC115': 400 Client Error: Bad Request for url: https://rest.ensembl.org/lookup/symbol/human/CCDC115?expand=1
[2026-05-18 16:55:48,135] WARNING root: No data for CCDC115; skipping.
[2026-05-18 16:56:31,737] ERROR root: Error fetching DNA sequence from Ensembl for 'CENPJ': 400 Client Error: Bad Request for url: https://rest.ensembl.org/lookup/symbol/human/CENPJ?expand=1
[2026-05-18 16:56:31,738] WARNING root: No data for CENPJ; skipping.
[2026-05-18 17:01:48,176] ERROR root: Error fetching DNA sequence from Ensembl for 'FAM102B': 400 Client Error: Bad Request for url: https://rest.ensembl.org/lookup/symbol/human/FAM102B?expand=1
[2026-05-18 17:01:48,226] WARNING root: No data for FAM102B; skipping.
[2026-05-18 17:01:49,276] ERROR root: Error fetching DNA sequence from Ensembl for 'FAM207A': 400 Client Error: Bad Request for url: https://rest.ensembl.org/lookup/symbol/human/LOC108281151?expand=1
[2026-05-18 17:01:49,278] WARNING root: No data for FAM207A; skipping.
[2026-05-18 17:08:24,769] ERROR root: Error fetching DNA sequence from Ensembl for 'MARS': 400 Client Error: Bad Request for url: https://rest.ensembl.org/lookup/symbol/human/LOC106560211?expand=1
[2026-05-18 17:08:24,851] WARNING root: No data for MARS; skipping.
[2026-05-18 17:10:38,702] ERROR root: Error fetching DNA sequence from Ensembl for 'MTRNR2L1': 400 Client Error: Bad Request for url: https://rest.ensembl.org/lookup/symbol/human/MTRNR2L1?expand=1
[2026-05-18 17:10:38,703] WARNING root: No data for MTRNR2L1; skipping.
[2026-05-18 17:10:50,613] ERROR root: Error fetching DNA sequence from Ensembl for 'N6AMT1': 400 Client Error: Bad Request for url: https://rest.ensembl.org/lookup/symbol/human/N6AMT1?expand=1
[2026-05-18 17:10:50,614] WARNING root: No data for N6AMT1; skipping.
[2026-05-18 17:14:33,900] ERROR root: Error fetching DNA sequence from Ensembl for 'PHB': 400 Client Error: Bad Request for url: https://rest.ensembl.org/lookup/symbol/human/LOC116276472?expand=1
[2026-05-18 17:14:33,946] WARNING root: No data for PHB; skipping.
[2026-05-18 17:16:25,962] ERROR root: Error fetching DNA sequence from Ensembl for 'PRPF4B': 400 Client Error: Bad Request for url: https://rest.ensembl.org/lookup/symbol/human/PRPF4B?expand=1
[2026-05-18 17:16:25,963] WARNING root: No data for PRPF4B; skipping.
[2026-05-18 17:22:28,821] ERROR root: Error fetching DNA sequence from Ensembl for 'SPATA5': 400 Client Error: Bad Request for url: https://rest.ensembl.org/lookup/symbol/human/SPATA5?expand=1
[2026-05-18 17:22:28,833] WARNING root: No data for SPATA5; skipping.
[2026-05-18 17:22:28,968] ERROR root: Error fetching DNA sequence from Ensembl for 'SPATA5L1': 400 Client Error: Bad Request for url: https://rest.ensembl.org/lookup/symbol/human/SPATA5L1?expand=1
[2026-05-18 17:22:28,969] WARNING root: No data for SPATA5L1; skipping.
[2026-05-18 17:24:11,223] ERROR root: Error fetching DNA sequence from Ensembl for 'TDGF1': 400 Client Error: Bad Request for url: https://rest.ensembl.org/lookup/symbol/human/TDGF1?expand=1
[2026-05-18 17:24:11,224] WARNING root: No data for TDGF1; skipping.
[2026-05-18 17:24:45,120] ERROR root: Error fetching DNA sequence from Ensembl for 'TMEM199': 400 Client Error: Bad Request for url: https://rest.ensembl.org/lookup/symbol/human/TMEM199?expand=1
[2026-05-18 17:24:45,121] WARNING root: No data for TMEM199; skipping.
[2026-05-18 17:28:36,048] ERROR root: Error fetching DNA sequence from Ensembl for 'ZNF720': 400 Client Error: Bad Request for url: https://rest.ensembl.org/lookup/symbol/human/KRABD5?expand=1
[2026-05-18 17:28:36,061] WARNING root: No data for ZNF720; skipping.
Asking to truncate to max_length but no maximum length is provided and the model has no predefined maximum length. Default to no truncation.
[2026-05-18 17:28:44,340] ERROR root: Batch embed failed: The expanded size of the tensor (16596) must match the existing size (512) at non-singleton dimension 1.  Target sizes: [16, 16596].  Tensor sizes: [1, 512]
Traceback (most recent call last):
  File "/ictstr01/groups/ml01/workspace/goncalo.pinto/embpy/src/embpy/embedder.py", line 888, in embed_genes_batch
    batch_results = inst.embed_batch(inputs=valid_inputs, pooling_strategy=pooling_strategy, **kwargs)
                    ^^^^^^^^^^^^^^^^^^^^^^^^^^^^^^^^^^^^^^^^^^^^^^^^^^^^^^^^^^^^^^^^^^^^^^^^^^^^^^^^^^
  File "/ictstr01/groups/ml01/workspace/goncalo.pinto/embpy/src/embpy/models/dna_models.py", line 1555, in embed_batch
    return _hf_batched_embed(
           ^^^^^^^^^^^^^^^^^^
  File "/ictstr01/groups/ml01/workspace/goncalo.pinto/embpy/src/embpy/models/dna_models.py", line 106, in _hf_batched_embed
    out = model(
          ^^^^^^
  File "/ictstr01/groups/ml01/workspace/goncalo.pinto/embpy/.pixi/envs/gpu/lib/python3.12/site-packages/torch/nn/modules/module.py", line 1736, in _wrapped_call_impl
    return self._call_impl(*args, **kwargs)
           ^^^^^^^^^^^^^^^^^^^^^^^^^^^^^^^^
  File "/ictstr01/groups/ml01/workspace/goncalo.pinto/embpy/.pixi/envs/gpu/lib/python3.12/site-packages/torch/nn/modules/module.py", line 1747, in _call_impl
    return forward_call(*args, **kwargs)
           ^^^^^^^^^^^^^^^^^^^^^^^^^^^^^
  File "/home/icb/goncalo.pinto/.cache/huggingface/modules/transformers_modules/AIRI-Institute/gena-lm-bert-base-t2t/4f1352bd4e820f1dba341047f54ad7795e083bf2/modeling_bert.py", line 1620, in forward
    outputs = self.bert(
              ^^^^^^^^^^
  File "/ictstr01/groups/ml01/workspace/goncalo.pinto/embpy/.pixi/envs/gpu/lib/python3.12/site-packages/torch/nn/modules/module.py", line 1736, in _wrapped_call_impl
    return self._call_impl(*args, **kwargs)
           ^^^^^^^^^^^^^^^^^^^^^^^^^^^^^^^^
  File "/ictstr01/groups/ml01/workspace/goncalo.pinto/embpy/.pixi/envs/gpu/lib/python3.12/site-packages/torch/nn/modules/module.py", line 1747, in _call_impl
    return forward_call(*args, **kwargs)
           ^^^^^^^^^^^^^^^^^^^^^^^^^^^^^
  File "/home/icb/goncalo.pinto/.cache/huggingface/modules/transformers_modules/AIRI-Institute/gena-lm-bert-base-t2t/4f1352bd4e820f1dba341047f54ad7795e083bf2/modeling_bert.py", line 1235, in forward
    buffered_token_type_ids_expanded = buffered_token_type_ids.expand(batch_size, seq_length)
                                       ^^^^^^^^^^^^^^^^^^^^^^^^^^^^^^^^^^^^^^^^^^^^^^^^^^^^^^
RuntimeError: The expanded size of the tensor (16596) must match the existing size (512) at non-singleton dimension 1.  Target sizes: [16, 16596].  Tensor sizes: [1, 512]
Traceback (most recent call last):
  File "<frozen runpy>", line 198, in _run_module_as_main
  File "<frozen runpy>", line 88, in _run_code
  File "/ictstr01/groups/ml01/workspace/goncalo.pinto/embpy/src/world_model/world_model/scripts/embed_perturbations.py", line 267, in <module>
    sys.exit(main())
             ^^^^^^
  File "/ictstr01/groups/ml01/workspace/goncalo.pinto/embpy/src/world_model/world_model/scripts/embed_perturbations.py", line 187, in main
    embeddings, statuses = provider.embed_with_status(perturbation_labels)
                           ^^^^^^^^^^^^^^^^^^^^^^^^^^^^^^^^^^^^^^^^^^^^^^^
  File "/ictstr01/groups/ml01/workspace/goncalo.pinto/embpy/src/world_model/world_model/data/embeddings/bio_embedder.py", line 191, in embed_with_status
    raise ValueError(
ValueError: BioEmbedder returned no embeddings for any of 2393 symbols. Check model_name='gena_lm_bert_base', organism='human', resolver_backend='api'. If your dataset is mostly controls, set action_embedding.fail_on_unresolved=False and verify the output of embed_perturbations.py.
