 WARN Encountered 2 warnings while parsing the manifest:
  ⚠ The feature 'state' is defined but not used in any environment.
  │ Dependencies of unused features are not resolved or checked, and use
  │ wildcard (*) version specifiers by default, disregarding any set `pinning-
  │ strategy`
     ╭─[/ictstr01/groups/ml01/workspace/goncalo.pinto/embpy/pixi.toml:386:10]
 385 │ # ---------------------------------------------------------------------------
 386 │ [feature.state]
     ·          ─────
 387 │ platforms = ["linux-64"]
     ╰────
  help: Remove the feature from the manifest or add it to an environment

  ⚠ The feature 'stack' is defined but not used in any environment.
  │ Dependencies of unused features are not resolved or checked, and use
  │ wildcard (*) version specifiers by default, disregarding any set `pinning-
  │ strategy`
     ╭─[/ictstr01/groups/ml01/workspace/goncalo.pinto/embpy/pixi.toml:402:10]
 401 │ 
 402 │ [feature.stack]
     ·          ─────
 403 │ platforms = ["linux-64"]
     ╰────
  help: Remove the feature from the manifest or add it to an environment

[2026-05-18 16:43:51,254] INFO __main__: Found 2057 unique non-control perturbation labels in data/datasets/replogle/replogle_2022_k562_essential.h5ad (filtered out 10691 control cells).
[2026-05-18 16:43:51,271] INFO world_model.data.embeddings.bio_embedder: BioEmbedderProvider cache hit 0/2057 unique gene symbols (model=borzoi_v1)
[2026-05-18 16:47:04,166] INFO root: CUDA device found, using GPU.
[2026-05-18 16:47:04,167] INFO root: GeneResolver initialized for human (Release 109).
[2026-05-18 16:47:05,676] INFO root: Checking if Ensembl data needs downloading/indexing...
[2026-05-18 16:47:07,064] INFO pyensembl.sequence_data: Loaded sequence dictionary from /home/icb/goncalo.pinto/.cache/pyensembl/GRCh38/ensembl109/Homo_sapiens.GRCh38.cdna.all.fa.gz.pickle
[2026-05-18 16:47:07,295] INFO pyensembl.sequence_data: Loaded sequence dictionary from /home/icb/goncalo.pinto/.cache/pyensembl/GRCh38/ensembl109/Homo_sapiens.GRCh38.ncrna.fa.gz.pickle
[2026-05-18 16:47:07,493] INFO pyensembl.sequence_data: Loaded sequence dictionary from /home/icb/goncalo.pinto/.cache/pyensembl/GRCh38/ensembl109/Homo_sapiens.GRCh38.pep.all.fa.gz.pickle
[2026-05-18 16:47:07,495] INFO root: pyensembl data is ready.
[2026-05-18 16:47:07,495] INFO root: BioEmbedder initialized: device=cuda, organism=human, backend=api
[2026-05-18 16:47:07,495] INFO root: Loading registered model 'borzoi_v1' onto device 'cuda'...
[2026-05-18 16:47:07,496] INFO root: Loading Borzoi 'johahi/borzoi-replicate-1' …
[2026-05-18 16:47:13,342] INFO root: Borzoi 'johahi/borzoi-replicate-1' loaded on cuda (trunk_dim=1536).
[2026-05-18 16:47:13,342] INFO root: Model 'borzoi_v1' loaded successfully.
[2026-05-18 16:47:13,342] INFO root: Batch: 2057 items for 'borzoi_v1' (dna)...
[2026-05-18 16:48:52,043] ERROR root: Error fetching DNA sequence from Ensembl for 'C14orf178': 400 Client Error: Bad Request for url: https://rest.ensembl.org/lookup/symbol/human/C14orf178?expand=1
[2026-05-18 16:48:52,045] WARNING root: No data for C14orf178; skipping.
[2026-05-18 16:48:55,626] ERROR root: Error fetching DNA sequence from Ensembl for 'C1orf109': 400 Client Error: Bad Request for url: https://rest.ensembl.org/lookup/symbol/human/C1orf109?expand=1
[2026-05-18 16:48:55,629] WARNING root: No data for C1orf109; skipping.
[2026-05-18 16:48:59,188] ERROR root: Error fetching DNA sequence from Ensembl for 'C7orf50': 400 Client Error: Bad Request for url: https://rest.ensembl.org/lookup/symbol/human/C7orf50?expand=1
[2026-05-18 16:48:59,189] WARNING root: No data for C7orf50; skipping.
[2026-05-18 16:49:13,437] ERROR root: Error fetching DNA sequence from Ensembl for 'CCDC115': 400 Client Error: Bad Request for url: https://rest.ensembl.org/lookup/symbol/human/CCDC115?expand=1
[2026-05-18 16:49:13,438] WARNING root: No data for CCDC115; skipping.
[2026-05-18 16:49:44,231] ERROR root: Error fetching DNA sequence from Ensembl for 'CENPJ': 400 Client Error: Bad Request for url: https://rest.ensembl.org/lookup/symbol/human/CENPJ?expand=1
[2026-05-18 16:49:44,232] WARNING root: No data for CENPJ; skipping.
[2026-05-18 16:53:38,485] ERROR root: Error fetching DNA sequence from Ensembl for 'FAM207A': 400 Client Error: Bad Request for url: https://rest.ensembl.org/lookup/symbol/human/LOC108281151?expand=1
[2026-05-18 16:53:38,489] WARNING root: No data for FAM207A; skipping.
[2026-05-18 16:57:24,544] ERROR root: Error fetching DNA sequence from Ensembl for 'MARS': 400 Client Error: Bad Request for url: https://rest.ensembl.org/lookup/symbol/human/LOC106560211?expand=1
[2026-05-18 16:57:24,545] WARNING root: No data for MARS; skipping.
[2026-05-18 16:59:12,307] ERROR root: Error fetching DNA sequence from Ensembl for 'MTRNR2L1': 400 Client Error: Bad Request for url: https://rest.ensembl.org/lookup/symbol/human/MTRNR2L1?expand=1
[2026-05-18 16:59:12,309] WARNING root: No data for MTRNR2L1; skipping.
[2026-05-18 16:59:18,934] ERROR root: Error fetching DNA sequence from Ensembl for 'N6AMT1': 400 Client Error: Bad Request for url: https://rest.ensembl.org/lookup/symbol/human/N6AMT1?expand=1
[2026-05-18 16:59:18,935] WARNING root: No data for N6AMT1; skipping.
[2026-05-18 17:02:43,661] ERROR root: Error fetching DNA sequence from Ensembl for 'PHB': 400 Client Error: Bad Request for url: https://rest.ensembl.org/lookup/symbol/human/LOC116276472?expand=1
[2026-05-18 17:02:43,666] WARNING root: No data for PHB; skipping.
[2026-05-18 17:04:51,229] ERROR root: Error fetching DNA sequence from Ensembl for 'PRPF4B': 400 Client Error: Bad Request for url: https://rest.ensembl.org/lookup/symbol/human/PRPF4B?expand=1
[2026-05-18 17:04:51,232] WARNING root: No data for PRPF4B; skipping.
[2026-05-18 17:10:42,380] ERROR root: Error fetching DNA sequence from Ensembl for 'SPATA5': 400 Client Error: Bad Request for url: https://rest.ensembl.org/lookup/symbol/human/SPATA5?expand=1
[2026-05-18 17:10:42,596] WARNING root: No data for SPATA5; skipping.
[2026-05-18 17:10:42,754] ERROR root: Error fetching DNA sequence from Ensembl for 'SPATA5L1': 400 Client Error: Bad Request for url: https://rest.ensembl.org/lookup/symbol/human/SPATA5L1?expand=1
[2026-05-18 17:10:42,755] WARNING root: No data for SPATA5L1; skipping.
[2026-05-18 17:12:03,422] ERROR root: Error fetching DNA sequence from Ensembl for 'TDGF1': 400 Client Error: Bad Request for url: https://rest.ensembl.org/lookup/symbol/human/TDGF1?expand=1
[2026-05-18 17:12:03,422] WARNING root: No data for TDGF1; skipping.
[2026-05-18 17:12:40,823] ERROR root: Error fetching DNA sequence from Ensembl for 'TMEM199': 400 Client Error: Bad Request for url: https://rest.ensembl.org/lookup/symbol/human/TMEM199?expand=1
[2026-05-18 17:12:40,824] WARNING root: No data for TMEM199; skipping.
[2026-05-18 17:16:15,316] ERROR root: Error fetching DNA sequence from Ensembl for 'ZNF720': 400 Client Error: Bad Request for url: https://rest.ensembl.org/lookup/symbol/human/KRABD5?expand=1
[2026-05-18 17:16:15,339] WARNING root: No data for ZNF720; skipping.
[2026-05-18 17:20:47,567] WARNING root: Truncated Borzoi indices from 814067→524288 (center‐crop).
[2026-05-18 17:20:59,282] WARNING root: Truncated Borzoi indices from 568149→524288 (center‐crop).
[2026-05-18 17:33:22,653] WARNING world_model.data.embeddings.bio_embedder: BioEmbedderProvider: 16 / 2057 input rows are UNRESOLVED for model=borzoi_v1 (first 10: ['N6AMT1', 'CENPJ', 'SPATA5', 'PHB', 'SPATA5L1', 'PRPF4B', 'C14orf178', 'TMEM199', 'FAM207A', 'CCDC115']). UNRESOLVED rows are zero vectors -- treat this as a data-quality bug, not a default. Re-run embed_perturbations.py after fixing alias drift / Ensembl 4xx errors.
[2026-05-18 17:33:22,738] INFO __main__: Embedded 2041 / 2057 rows at dim=1536 (RESOLVED=2041, CONTROL=0, UNRESOLVED=16).
[2026-05-18 17:33:22,803] INFO __main__: Wrote embeddings to runs/_cache/action_embeddings/borzoi_v1/full_mean_human.npz
[2026-05-18 17:33:22,822] INFO __main__: Status sidecar -> runs/_cache/action_embeddings/borzoi_v1/full_mean_human.npz.status.json
[2026-05-18 17:33:22,839] INFO world_model.data.datasets.base: Built gene embedding table: 6 rows, dim=1536, missing=0
[2026-05-18 17:33:22,861] INFO __main__: PrecomputedProvider round-trip OK: table shape=(6, 1536), indexer rows=6
