 WARN Encountered 2 warnings while parsing the manifest:
  ⚠ The feature 'state' is defined but not used in any environment.
  │ Dependencies of unused features are not resolved or checked, and use
  │ wildcard (*) version specifiers by default, disregarding any set `pinning-
  │ strategy`
     ╭─[/ictstr01/groups/ml01/workspace/goncalo.pinto/embpy/pixi.toml:386:10]
 385 │ # ---------------------------------------------------------------------------
 386 │ [feature.state]
     ·          ─────
 387 │ platforms = ["linux-64"]
     ╰────
  help: Remove the feature from the manifest or add it to an environment

  ⚠ The feature 'stack' is defined but not used in any environment.
  │ Dependencies of unused features are not resolved or checked, and use
  │ wildcard (*) version specifiers by default, disregarding any set `pinning-
  │ strategy`
     ╭─[/ictstr01/groups/ml01/workspace/goncalo.pinto/embpy/pixi.toml:402:10]
 401 │ 
 402 │ [feature.stack]
     ·          ─────
 403 │ platforms = ["linux-64"]
     ╰────
  help: Remove the feature from the manifest or add it to an environment

[2026-05-18 16:14:00,226] INFO __main__: Found 2057 unique non-control perturbation labels in data/datasets/replogle/replogle_2022_k562_essential.h5ad (filtered out 10691 control cells).
[2026-05-18 16:14:00,243] INFO world_model.data.embeddings.bio_embedder: BioEmbedderProvider cache hit 0/2057 unique gene symbols (model=enformer_human_rough)
[2026-05-18 16:17:19,903] INFO root: CUDA device found, using GPU.
[2026-05-18 16:17:19,904] INFO root: GeneResolver initialized for human (Release 109).
[2026-05-18 16:17:21,754] INFO root: Checking if Ensembl data needs downloading/indexing...
[2026-05-18 16:17:22,881] INFO pyensembl.sequence_data: Loaded sequence dictionary from /home/icb/goncalo.pinto/.cache/pyensembl/GRCh38/ensembl109/Homo_sapiens.GRCh38.cdna.all.fa.gz.pickle
[2026-05-18 16:17:23,118] INFO pyensembl.sequence_data: Loaded sequence dictionary from /home/icb/goncalo.pinto/.cache/pyensembl/GRCh38/ensembl109/Homo_sapiens.GRCh38.ncrna.fa.gz.pickle
[2026-05-18 16:17:23,325] INFO pyensembl.sequence_data: Loaded sequence dictionary from /home/icb/goncalo.pinto/.cache/pyensembl/GRCh38/ensembl109/Homo_sapiens.GRCh38.pep.all.fa.gz.pickle
[2026-05-18 16:17:23,326] INFO root: pyensembl data is ready.
[2026-05-18 16:17:23,327] INFO root: BioEmbedder initialized: device=cuda, organism=human, backend=api
[2026-05-18 16:17:23,327] INFO root: Loading registered model 'enformer_human_rough' onto device 'cuda'...
[2026-05-18 16:17:23,327] INFO root: Loading Enformer model 'EleutherAI/enformer-official-rough' …
[2026-05-18 16:17:30,177] INFO root: Enformer 'EleutherAI/enformer-official-rough' loaded on cuda.
[2026-05-18 16:17:30,178] INFO root: Model 'enformer_human_rough' loaded successfully.
[2026-05-18 16:17:30,178] INFO root: Batch: 2057 items for 'enformer_human_rough' (dna)...
[2026-05-18 16:19:03,333] ERROR root: Error fetching DNA sequence from Ensembl for 'C14orf178': 400 Client Error: Bad Request for url: https://rest.ensembl.org/lookup/symbol/human/C14orf178?expand=1
[2026-05-18 16:19:03,334] WARNING root: No data for C14orf178; skipping.
[2026-05-18 16:19:08,828] ERROR root: Error fetching DNA sequence from Ensembl for 'C1orf109': 400 Client Error: Bad Request for url: https://rest.ensembl.org/lookup/symbol/human/C1orf109?expand=1
[2026-05-18 16:19:08,829] WARNING root: No data for C1orf109; skipping.
[2026-05-18 16:19:09,646] ERROR root: Error fetching DNA sequence from Ensembl for 'C7orf50': 400 Client Error: Bad Request for url: https://rest.ensembl.org/lookup/symbol/human/C7orf50?expand=1
[2026-05-18 16:19:09,647] WARNING root: No data for C7orf50; skipping.
[2026-05-18 16:19:18,054] ERROR root: Error fetching DNA sequence from Ensembl for 'CCDC115': 400 Client Error: Bad Request for url: https://rest.ensembl.org/lookup/symbol/human/CCDC115?expand=1
[2026-05-18 16:19:18,054] WARNING root: No data for CCDC115; skipping.
[2026-05-18 16:19:51,189] ERROR root: Error fetching DNA sequence from Ensembl for 'CENPJ': 400 Client Error: Bad Request for url: https://rest.ensembl.org/lookup/symbol/human/CENPJ?expand=1
[2026-05-18 16:19:51,189] WARNING root: No data for CENPJ; skipping.
[2026-05-18 16:23:23,246] ERROR root: Error fetching DNA sequence from Ensembl for 'FAM207A': 400 Client Error: Bad Request for url: https://rest.ensembl.org/lookup/symbol/human/LOC108281151?expand=1
[2026-05-18 16:23:23,247] WARNING root: No data for FAM207A; skipping.
[2026-05-18 16:26:20,853] ERROR root: Error fetching DNA sequence from Ensembl for 'MARS': 400 Client Error: Bad Request for url: https://rest.ensembl.org/lookup/symbol/human/LOC106560211?expand=1
[2026-05-18 16:26:20,854] WARNING root: No data for MARS; skipping.
[2026-05-18 16:27:38,844] ERROR root: Error fetching DNA sequence from Ensembl for 'MTRNR2L1': 400 Client Error: Bad Request for url: https://rest.ensembl.org/lookup/symbol/human/MTRNR2L1?expand=1
[2026-05-18 16:27:38,844] WARNING root: No data for MTRNR2L1; skipping.
[2026-05-18 16:27:43,964] ERROR root: Error fetching DNA sequence from Ensembl for 'N6AMT1': 400 Client Error: Bad Request for url: https://rest.ensembl.org/lookup/symbol/human/N6AMT1?expand=1
[2026-05-18 16:27:43,965] WARNING root: No data for N6AMT1; skipping.
[2026-05-18 16:30:53,108] ERROR root: Error fetching DNA sequence from Ensembl for 'PHB': 400 Client Error: Bad Request for url: https://rest.ensembl.org/lookup/symbol/human/LOC116276472?expand=1
[2026-05-18 16:30:53,108] WARNING root: No data for PHB; skipping.
[2026-05-18 16:32:30,270] ERROR root: Error fetching DNA sequence from Ensembl for 'PRPF4B': 400 Client Error: Bad Request for url: https://rest.ensembl.org/lookup/symbol/human/PRPF4B?expand=1
[2026-05-18 16:32:30,270] WARNING root: No data for PRPF4B; skipping.
[2026-05-18 16:37:25,809] ERROR root: Error fetching DNA sequence from Ensembl for 'SPATA5': 400 Client Error: Bad Request for url: https://rest.ensembl.org/lookup/symbol/human/SPATA5?expand=1
[2026-05-18 16:37:25,810] WARNING root: No data for SPATA5; skipping.
[2026-05-18 16:37:25,952] ERROR root: Error fetching DNA sequence from Ensembl for 'SPATA5L1': 400 Client Error: Bad Request for url: https://rest.ensembl.org/lookup/symbol/human/SPATA5L1?expand=1
[2026-05-18 16:37:25,952] WARNING root: No data for SPATA5L1; skipping.
[2026-05-18 16:38:31,246] ERROR root: Error fetching DNA sequence from Ensembl for 'TDGF1': 400 Client Error: Bad Request for url: https://rest.ensembl.org/lookup/symbol/human/TDGF1?expand=1
[2026-05-18 16:38:31,247] WARNING root: No data for TDGF1; skipping.
[2026-05-18T16:38:46.881] error: *** JOB 36480712 ON gpusrv76 CANCELLED AT 2026-05-18T16:38:46 DUE to SIGNAL Terminated ***
